Archive member included to satisfy reference by file (symbol)

c:/users/administrator/.platformio/packages/toolchain-gccarmnoneeabi@1.70201.0/bin/../lib/gcc/arm-none-eabi/7.2.1/../../../../arm-none-eabi/lib/thumb/v7e-m\libc.a(lib_a-exit.o)
                              c:/users/administrator/.platformio/packages/toolchain-gccarmnoneeabi@1.70201.0/bin/../lib/gcc/arm-none-eabi/7.2.1/../../../../arm-none-eabi/lib/thumb/v7e-m/crt0.o (exit)
c:/users/administrator/.platformio/packages/toolchain-gccarmnoneeabi@1.70201.0/bin/../lib/gcc/arm-none-eabi/7.2.1/../../../../arm-none-eabi/lib/thumb/v7e-m\libc.a(lib_a-impure.o)
                              c:/users/administrator/.platformio/packages/toolchain-gccarmnoneeabi@1.70201.0/bin/../lib/gcc/arm-none-eabi/7.2.1/../../../../arm-none-eabi/lib/thumb/v7e-m\libc.a(lib_a-exit.o) (_global_impure_ptr)
c:/users/administrator/.platformio/packages/toolchain-gccarmnoneeabi@1.70201.0/bin/../lib/gcc/arm-none-eabi/7.2.1/../../../../arm-none-eabi/lib/thumb/v7e-m\libc.a(lib_a-init.o)
                              c:/users/administrator/.platformio/packages/toolchain-gccarmnoneeabi@1.70201.0/bin/../lib/gcc/arm-none-eabi/7.2.1/../../../../arm-none-eabi/lib/thumb/v7e-m/crt0.o (__libc_init_array)
c:/users/administrator/.platformio/packages/toolchain-gccarmnoneeabi@1.70201.0/bin/../lib/gcc/arm-none-eabi/7.2.1/../../../../arm-none-eabi/lib/thumb/v7e-m\libc.a(lib_a-memcpy.o)
                              .pio/build/sen_f407vg/src/Middlewares/Third_Party/RealThread_RTOS_RT-Thread/components/finsh/cmd.o (memcpy)
c:/users/administrator/.platformio/packages/toolchain-gccarmnoneeabi@1.70201.0/bin/../lib/gcc/arm-none-eabi/7.2.1/../../../../arm-none-eabi/lib/thumb/v7e-m\libc.a(lib_a-memset.o)
                              c:/users/administrator/.platformio/packages/toolchain-gccarmnoneeabi@1.70201.0/bin/../lib/gcc/arm-none-eabi/7.2.1/../../../../arm-none-eabi/lib/thumb/v7e-m/crt0.o (memset)
c:/users/administrator/.platformio/packages/toolchain-gccarmnoneeabi@1.70201.0/bin/../lib/gcc/arm-none-eabi/7.2.1/../../../../arm-none-eabi/lib/thumb/v7e-m\libc.a(lib_a-strcpy.o)
                              .pio/build/sen_f407vg/src/Middlewares/Third_Party/RealThread_RTOS_RT-Thread/components/finsh/shell.o (strcpy)
c:/users/administrator/.platformio/packages/toolchain-gccarmnoneeabi@1.70201.0/bin/../lib/gcc/arm-none-eabi/7.2.1/../../../../arm-none-eabi/lib/thumb/v7e-m\libc.a(lib_a-strlen.o)
                              .pio/build/sen_f407vg/src/Middlewares/Third_Party/RealThread_RTOS_RT-Thread/components/finsh/msh.o (strlen)
c:/users/administrator/.platformio/packages/toolchain-gccarmnoneeabi@1.70201.0/bin/../lib/gcc/arm-none-eabi/7.2.1/../../../../arm-none-eabi/lib/thumb/v7e-m\libc.a(lib_a-strncmp.o)
                              .pio/build/sen_f407vg/src/Middlewares/Third_Party/RealThread_RTOS_RT-Thread/components/finsh/cmd.o (strncmp)
c:/users/administrator/.platformio/packages/toolchain-gccarmnoneeabi@1.70201.0/bin/../lib/gcc/arm-none-eabi/7.2.1/../../../../arm-none-eabi/lib/thumb/v7e-m\libc.a(lib_a-strncpy.o)
                              .pio/build/sen_f407vg/src/Middlewares/Third_Party/RealThread_RTOS_RT-Thread/components/finsh/shell.o (strncpy)
c:/users/administrator/.platformio/packages/toolchain-gccarmnoneeabi@1.70201.0/bin/../lib/gcc/arm-none-eabi/7.2.1/../../../../arm-none-eabi/lib/thumb/v7e-m\libc.a(lib_a-__call_atexit.o)
                              c:/users/administrator/.platformio/packages/toolchain-gccarmnoneeabi@1.70201.0/bin/../lib/gcc/arm-none-eabi/7.2.1/../../../../arm-none-eabi/lib/thumb/v7e-m\libc.a(lib_a-exit.o) (__call_exitprocs)
c:/users/administrator/.platformio/packages/toolchain-gccarmnoneeabi@1.70201.0/bin/../lib/gcc/arm-none-eabi/7.2.1/../../../../arm-none-eabi/lib/thumb/v7e-m\libc.a(lib_a-atexit.o)
                              c:/users/administrator/.platformio/packages/toolchain-gccarmnoneeabi@1.70201.0/bin/../lib/gcc/arm-none-eabi/7.2.1/../../../../arm-none-eabi/lib/thumb/v7e-m\libc.a(lib_a-__call_atexit.o) (atexit)
c:/users/administrator/.platformio/packages/toolchain-gccarmnoneeabi@1.70201.0/bin/../lib/gcc/arm-none-eabi/7.2.1/../../../../arm-none-eabi/lib/thumb/v7e-m\libc.a(lib_a-fini.o)
                              c:/users/administrator/.platformio/packages/toolchain-gccarmnoneeabi@1.70201.0/bin/../lib/gcc/arm-none-eabi/7.2.1/../../../../arm-none-eabi/lib/thumb/v7e-m\libc.a(lib_a-__call_atexit.o) (__libc_fini_array)
c:/users/administrator/.platformio/packages/toolchain-gccarmnoneeabi@1.70201.0/bin/../lib/gcc/arm-none-eabi/7.2.1/../../../../arm-none-eabi/lib/thumb/v7e-m\libc.a(lib_a-lock.o)
                              c:/users/administrator/.platformio/packages/toolchain-gccarmnoneeabi@1.70201.0/bin/../lib/gcc/arm-none-eabi/7.2.1/../../../../arm-none-eabi/lib/thumb/v7e-m\libc.a(lib_a-__call_atexit.o) (__retarget_lock_acquire_recursive)
[...]
Memory Configuration

Name             Origin             Length             Attributes
RAM              0x20000000         0x00020000         xrw
CCMRAM           0x10000000         0x00010000         xrw
FLASH            0x08000000         0x00100000         xr
*default*        0x00000000         0xffffffff

Linker script and memory map

LOAD c:/users/administrator/.platformio/packages/toolchain-gccarmnoneeabi@1.70201.0/bin/../lib/gcc/arm-none-eabi/7.2.1/thumb/v7e-m/crti.o
LOAD c:/users/administrator/.platformio/packages/toolchain-gccarmnoneeabi@1.70201.0/bin/../lib/gcc/arm-none-eabi/7.2.1/thumb/v7e-m/crtbegin.o
LOAD c:/users/administrator/.platformio/packages/toolchain-gccarmnoneeabi@1.70201.0/bin/../lib/gcc/arm-none-eabi/7.2.1/../../../../arm-none-eabi/lib/thumb/v7e-m/crt0.o
LOAD .pio/build/sen_f407vg/src/Core/Src/gpio.o
LOAD .pio/build/sen_f407vg/src/Core/Src/main.o
LOAD .pio/build/sen_f407vg/src/Core/Src/stm32f4xx_hal_msp.o
LOAD .pio/build/sen_f407vg/src/Core/Src/stm32f4xx_it.o
LOAD .pio/build/sen_f407vg/src/Core/Src/system_stm32f4xx.o
LOAD .pio/build/sen_f407vg/src/Core/Src/usart.o
LOAD .pio/build/sen_f407vg/src/Drivers/STM32F4xx_HAL_Driver/Src/stm32f4xx_hal.o
LOAD .pio/build/sen_f407vg/src/Drivers/STM32F4xx_HAL_Driver/Src/stm32f4xx_hal_adc.o
LOAD .pio/build/sen_f407vg/src/Drivers/STM32F4xx_HAL_Driver/Src/stm32f4xx_hal_adc_ex.o
LOAD .pio/build/sen_f407vg/src/Drivers/STM32F4xx_HAL_Driver/Src/stm32f4xx_hal_can.o
LOAD .pio/build/sen_f407vg/src/Drivers/STM32F4xx_HAL_Driver/Src/stm32f4xx_hal_cec.o
LOAD .pio/build/sen_f407vg/src/Drivers/STM32F4xx_HAL_Driver/Src/stm32f4xx_hal_cortex.o
LOAD .pio/build/sen_f407vg/src/Drivers/STM32F4xx_HAL_Driver/Src/stm32f4xx_hal_crc.o
LOAD .pio/build/sen_f407vg/src/Drivers/STM32F4xx_HAL_Driver/Src/stm32f4xx_hal_cryp.o
LOAD .pio/build/sen_f407vg/src/Drivers/STM32F4xx_HAL_Driver/Src/stm32f4xx_hal_cryp_ex.o
LOAD .pio/build/sen_f407vg/src/Drivers/STM32F4xx_HAL_Driver/Src/stm32f4xx_hal_dac.o
LOAD .pio/build/sen_f407vg/src/Drivers/STM32F4xx_HAL_Driver/Src/stm32f4xx_hal_dac_ex.o
LOAD .pio/build/sen_f407vg/src/Drivers/STM32F4xx_HAL_Driver/Src/stm32f4xx_hal_dcmi.o
LOAD .pio/build/sen_f407vg/src/Drivers/STM32F4xx_HAL_Driver/Src/stm32f4xx_hal_dcmi_ex.o
LOAD .pio/build/sen_f407vg/src/Drivers/STM32F4xx_HAL_Driver/Src/stm32f4xx_hal_dfsdm.o
LOAD .pio/build/sen_f407vg/src/Drivers/STM32F4xx_HAL_Driver/Src/stm32f4xx_hal_dma.o
LOAD .pio/build/sen_f407vg/src/Drivers/STM32F4xx_HAL_Driver/Src/stm32f4xx_hal_dma2d.o
LOAD .pio/build/sen_f407vg/src/Drivers/STM32F4xx_HAL_Driver/Src/stm32f4xx_hal_dma_ex.o
LOAD .pio/build/sen_f407vg/src/Drivers/STM32F4xx_HAL_Driver/Src/stm32f4xx_hal_dsi.o
LOAD .pio/build/sen_f407vg/src/Drivers/STM32F4xx_HAL_Driver/Src/stm32f4xx_hal_eth.o
LOAD .pio/build/sen_f407vg/src/Drivers/STM32F4xx_HAL_Driver/Src/stm32f4xx_hal_exti.o
LOAD .pio/build/sen_f407vg/src/Drivers/STM32F4xx_HAL_Driver/Src/stm32f4xx_hal_flash.o
LOAD .pio/build/sen_f407vg/src/Drivers/STM32F4xx_HAL_Driver/Src/stm32f4xx_hal_flash_ex.o
LOAD .pio/build/sen_f407vg/src/Drivers/STM32F4xx_HAL_Driver/Src/stm32f4xx_hal_flash_ramfunc.o
LOAD .pio/build/sen_f407vg/src/Drivers/STM32F4xx_HAL_Driver/Src/stm32f4xx_hal_fmpi2c.o
LOAD .pio/build/sen_f407vg/src/Drivers/STM32F4xx_HAL_Driver/Src/stm32f4xx_hal_fmpi2c_ex.o
LOAD .pio/build/sen_f407vg/src/Drivers/STM32F4xx_HAL_Driver/Src/stm32f4xx_hal_fmpsmbus.o
LOAD .pio/build/sen_f407vg/src/Drivers/STM32F4xx_HAL_Driver/Src/stm32f4xx_hal_gpio.o
LOAD .pio/build/sen_f407vg/src/Drivers/STM32F4xx_HAL_Driver/Src/stm32f4xx_hal_hash.o
LOAD .pio/build/sen_f407vg/src/Drivers/STM32F4xx_HAL_Driver/Src/stm32f4xx_hal_hash_ex.o
LOAD .pio/build/sen_f407vg/src/Drivers/STM32F4xx_HAL_Driver/Src/stm32f4xx_hal_hcd.o
LOAD .pio/build/sen_f407vg/src/Drivers/STM32F4xx_HAL_Driver/Src/stm32f4xx_hal_i2c.o
LOAD .pio/build/sen_f407vg/src/Drivers/STM32F4xx_HAL_Driver/Src/stm32f4xx_hal_i2c_ex.o
LOAD .pio/build/sen_f407vg/src/Drivers/STM32F4xx_HAL_Driver/Src/stm32f4xx_hal_i2s.o
LOAD .pio/build/sen_f407vg/src/Drivers/STM32F4xx_HAL_Driver/Src/stm32f4xx_hal_i2s_ex.o
LOAD .pio/build/sen_f407vg/src/Drivers/STM32F4xx_HAL_Driver/Src/stm32f4xx_hal_irda.o
LOAD .pio/build/sen_f407vg/src/Drivers/STM32F4xx_HAL_Driver/Src/stm32f4xx_hal_iwdg.o
LOAD .pio/build/sen_f407vg/src/Drivers/STM32F4xx_HAL_Driver/Src/stm32f4xx_hal_lptim.o
LOAD .pio/build/sen_f407vg/src/Drivers/STM32F4xx_HAL_Driver/Src/stm32f4xx_hal_ltdc.o
LOAD .pio/build/sen_f407vg/src/Drivers/STM32F4xx_HAL_Driver/Src/stm32f4xx_hal_ltdc_ex.o
LOAD .pio/build/sen_f407vg/src/Drivers/STM32F4xx_HAL_Driver/Src/stm32f4xx_hal_mmc.o
LOAD .pio/build/sen_f407vg/src/Drivers/STM32F4xx_HAL_Driver/Src/stm32f4xx_hal_nand.o
LOAD .pio/build/sen_f407vg/src/Drivers/STM32F4xx_HAL_Driver/Src/stm32f4xx_hal_nor.o
LOAD .pio/build/sen_f407vg/src/Drivers/STM32F4xx_HAL_Driver/Src/stm32f4xx_hal_pccard.o
LOAD .pio/build/sen_f407vg/src/Drivers/STM32F4xx_HAL_Driver/Src/stm32f4xx_hal_pcd.o
LOAD .pio/build/sen_f407vg/src/Drivers/STM32F4xx_HAL_Driver/Src/stm32f4xx_hal_pcd_ex.o
LOAD .pio/build/sen_f407vg/src/Drivers/STM32F4xx_HAL_Driver/Src/stm32f4xx_hal_pwr.o
LOAD .pio/build/sen_f407vg/src/Drivers/STM32F4xx_HAL_Driver/Src/stm32f4xx_hal_pwr_ex.o
LOAD .pio/build/sen_f407vg/src/Drivers/STM32F4xx_HAL_Driver/Src/stm32f4xx_hal_qspi.o
LOAD .pio/build/sen_f407vg/src/Drivers/STM32F4xx_HAL_Driver/Src/stm32f4xx_hal_rcc.o
LOAD .pio/build/sen_f407vg/src/Drivers/STM32F4xx_HAL_Driver/Src/stm32f4xx_hal_rcc_ex.o
LOAD .pio/build/sen_f407vg/src/Drivers/STM32F4xx_HAL_Driver/Src/stm32f4xx_hal_rng.o
LOAD .pio/build/sen_f407vg/src/Drivers/STM32F4xx_HAL_Driver/Src/stm32f4xx_hal_rtc.o
LOAD .pio/build/sen_f407vg/src/Drivers/STM32F4xx_HAL_Driver/Src/stm32f4xx_hal_rtc_ex.o
LOAD .pio/build/sen_f407vg/src/Drivers/STM32F4xx_HAL_Driver/Src/stm32f4xx_hal_sai.o
LOAD .pio/build/sen_f407vg/src/Drivers/STM32F4xx_HAL_Driver/Src/stm32f4xx_hal_sai_ex.o
LOAD .pio/build/sen_f407vg/src/Drivers/STM32F4xx_HAL_Driver/Src/stm32f4xx_hal_sd.o
LOAD .pio/build/sen_f407vg/src/Drivers/STM32F4xx_HAL_Driver/Src/stm32f4xx_hal_sdram.o
LOAD .pio/build/sen_f407vg/src/Drivers/STM32F4xx_HAL_Driver/Src/stm32f4xx_hal_smartcard.o
LOAD .pio/build/sen_f407vg/src/Drivers/STM32F4xx_HAL_Driver/Src/stm32f4xx_hal_smbus.o
LOAD .pio/build/sen_f407vg/src/Drivers/STM32F4xx_HAL_Driver/Src/stm32f4xx_hal_spdifrx.o
LOAD .pio/build/sen_f407vg/src/Drivers/STM32F4xx_HAL_Driver/Src/stm32f4xx_hal_spi.o
LOAD .pio/build/sen_f407vg/src/Drivers/STM32F4xx_HAL_Driver/Src/stm32f4xx_hal_sram.o
LOAD .pio/build/sen_f407vg/src/Drivers/STM32F4xx_HAL_Driver/Src/stm32f4xx_hal_tim.o
LOAD .pio/build/sen_f407vg/src/Drivers/STM32F4xx_HAL_Driver/Src/stm32f4xx_hal_tim_ex.o
LOAD .pio/build/sen_f407vg/src/Drivers/STM32F4xx_HAL_Driver/Src/stm32f4xx_hal_uart.o
LOAD .pio/build/sen_f407vg/src/Drivers/STM32F4xx_HAL_Driver/Src/stm32f4xx_hal_usart.o
LOAD .pio/build/sen_f407vg/src/Drivers/STM32F4xx_HAL_Driver/Src/stm32f4xx_hal_wwdg.o
LOAD .pio/build/sen_f407vg/src/Drivers/STM32F4xx_HAL_Driver/Src/stm32f4xx_ll_adc.o
LOAD .pio/build/sen_f407vg/src/Drivers/STM32F4xx_HAL_Driver/Src/stm32f4xx_ll_crc.o
LOAD .pio/build/sen_f407vg/src/Drivers/STM32F4xx_HAL_Driver/Src/stm32f4xx_ll_dac.o
LOAD .pio/build/sen_f407vg/src/Drivers/STM32F4xx_HAL_Driver/Src/stm32f4xx_ll_dma.o
LOAD .pio/build/sen_f407vg/src/Drivers/STM32F4xx_HAL_Driver/Src/stm32f4xx_ll_dma2d.o
LOAD .pio/build/sen_f407vg/src/Drivers/STM32F4xx_HAL_Driver/Src/stm32f4xx_ll_exti.o
LOAD .pio/build/sen_f407vg/src/Drivers/STM32F4xx_HAL_Driver/Src/stm32f4xx_ll_fmc.o
LOAD .pio/build/sen_f407vg/src/Drivers/STM32F4xx_HAL_Driver/Src/stm32f4xx_ll_fmpi2c.o
LOAD .pio/build/sen_f407vg/src/Drivers/STM32F4xx_HAL_Driver/Src/stm32f4xx_ll_fsmc.o
LOAD .pio/build/sen_f407vg/src/Drivers/STM32F4xx_HAL_Driver/Src/stm32f4xx_ll_gpio.o
LOAD .pio/build/sen_f407vg/src/Drivers/STM32F4xx_HAL_Driver/Src/stm32f4xx_ll_i2c.o
LOAD .pio/build/sen_f407vg/src/Drivers/STM32F4xx_HAL_Driver/Src/stm32f4xx_ll_lptim.o
LOAD .pio/build/sen_f407vg/src/Drivers/STM32F4xx_HAL_Driver/Src/stm32f4xx_ll_pwr.o
LOAD .pio/build/sen_f407vg/src/Drivers/STM32F4xx_HAL_Driver/Src/stm32f4xx_ll_rcc.o
LOAD .pio/build/sen_f407vg/src/Drivers/STM32F4xx_HAL_Driver/Src/stm32f4xx_ll_rng.o
LOAD .pio/build/sen_f407vg/src/Drivers/STM32F4xx_HAL_Driver/Src/stm32f4xx_ll_rtc.o
LOAD .pio/build/sen_f407vg/src/Drivers/STM32F4xx_HAL_Driver/Src/stm32f4xx_ll_sdmmc.o
LOAD .pio/build/sen_f407vg/src/Drivers/STM32F4xx_HAL_Driver/Src/stm32f4xx_ll_spi.o
LOAD .pio/build/sen_f407vg/src/Drivers/STM32F4xx_HAL_Driver/Src/stm32f4xx_ll_tim.o
LOAD .pio/build/sen_f407vg/src/Drivers/STM32F4xx_HAL_Driver/Src/stm32f4xx_ll_usart.o
LOAD .pio/build/sen_f407vg/src/Drivers/STM32F4xx_HAL_Driver/Src/stm32f4xx_ll_usb.o
LOAD .pio/build/sen_f407vg/src/Drivers/STM32F4xx_HAL_Driver/Src/stm32f4xx_ll_utils.o
LOAD .pio/build/sen_f407vg/src/Middlewares/Third_Party/RealThread_RTOS_RT-Thread/bsp/board.o
LOAD .pio/build/sen_f407vg/src/Middlewares/Third_Party/RealThread_RTOS_RT-Thread/components/finsh/cmd.o
LOAD .pio/build/sen_f407vg/src/Middlewares/Third_Party/RealThread_RTOS_RT-Thread/components/finsh/msh.o
LOAD .pio/build/sen_f407vg/src/Middlewares/Third_Party/RealThread_RTOS_RT-Thread/components/finsh/shell.o
LOAD .pio/build/sen_f407vg/src/Middlewares/Third_Party/RealThread_RTOS_RT-Thread/libcpu/arm/cortex-m4/context_gcc.o
LOAD .pio/build/sen_f407vg/src/Middlewares/Third_Party/RealThread_RTOS_RT-Thread/libcpu/arm/cortex-m4/cpuport.o
LOAD .pio/build/sen_f407vg/src/Middlewares/Third_Party/RealThread_RTOS_RT-Thread/src/clock.o
LOAD .pio/build/sen_f407vg/src/Middlewares/Third_Party/RealThread_RTOS_RT-Thread/src/components.o
LOAD .pio/build/sen_f407vg/src/Middlewares/Third_Party/RealThread_RTOS_RT-Thread/src/cpu.o
LOAD .pio/build/sen_f407vg/src/Middlewares/Third_Party/RealThread_RTOS_RT-Thread/src/idle.o
LOAD .pio/build/sen_f407vg/src/Middlewares/Third_Party/RealThread_RTOS_RT-Thread/src/ipc.o
LOAD .pio/build/sen_f407vg/src/Middlewares/Third_Party/RealThread_RTOS_RT-Thread/src/irq.o
LOAD .pio/build/sen_f407vg/src/Middlewares/Third_Party/RealThread_RTOS_RT-Thread/src/kservice.o
LOAD .pio/build/sen_f407vg/src/Middlewares/Third_Party/RealThread_RTOS_RT-Thread/src/mem.o
LOAD .pio/build/sen_f407vg/src/Middlewares/Third_Party/RealThread_RTOS_RT-Thread/src/memheap.o
LOAD .pio/build/sen_f407vg/src/Middlewares/Third_Party/RealThread_RTOS_RT-Thread/src/mempool.o
LOAD .pio/build/sen_f407vg/src/Middlewares/Third_Party/RealThread_RTOS_RT-Thread/src/object.o
LOAD .pio/build/sen_f407vg/src/Middlewares/Third_Party/RealThread_RTOS_RT-Thread/src/scheduler.o
LOAD .pio/build/sen_f407vg/src/Middlewares/Third_Party/RealThread_RTOS_RT-Thread/src/slab.o
LOAD .pio/build/sen_f407vg/src/Middlewares/Third_Party/RealThread_RTOS_RT-Thread/src/thread.o
LOAD .pio/build/sen_f407vg/src/Middlewares/Third_Party/RealThread_RTOS_RT-Thread/src/timer.o
LOAD .pio/build/sen_f407vg/src/startup_stm32f407xx.o
START GROUP
LOAD c:/users/administrator/.platformio/packages/toolchain-gccarmnoneeabi@1.70201.0/bin/../lib/gcc/arm-none-eabi/7.2.1/../../../../arm-none-eabi/lib/thumb/v7e-m\libc.a
LOAD c:/users/administrator/.platformio/packages/toolchain-gccarmnoneeabi@1.70201.0/bin/../lib/gcc/arm-none-eabi/7.2.1/thumb/v7e-m\libgcc.a
LOAD c:/users/administrator/.platformio/packages/toolchain-gccarmnoneeabi@1.70201.0/bin/../lib/gcc/arm-none-eabi/7.2.1/../../../../arm-none-eabi/lib/thumb/v7e-m\libm.a
LOAD c:/users/administrator/.platformio/packages/toolchain-gccarmnoneeabi@1.70201.0/bin/../lib/gcc/arm-none-eabi/7.2.1/../../../../arm-none-eabi/lib/thumb/v7e-m\libstdc++.a
END GROUP
START GROUP
LOAD c:/users/administrator/.platformio/packages/toolchain-gccarmnoneeabi@1.70201.0/bin/../lib/gcc/arm-none-eabi/7.2.1/thumb/v7e-m\libgcc.a
LOAD c:/users/administrator/.platformio/packages/toolchain-gccarmnoneeabi@1.70201.0/bin/../lib/gcc/arm-none-eabi/7.2.1/../../../../arm-none-eabi/lib/thumb/v7e-m\libc.a
END GROUP
START GROUP
LOAD c:/users/administrator/.platformio/packages/toolchain-gccarmnoneeabi@1.70201.0/bin/../lib/gcc/arm-none-eabi/7.2.1/thumb/v7e-m\libgcc.a
LOAD c:/users/administrator/.platformio/packages/toolchain-gccarmnoneeabi@1.70201.0/bin/../lib/gcc/arm-none-eabi/7.2.1/../../../../arm-none-eabi/lib/thumb/v7e-m\libc.a
LOAD c:/users/administrator/.platformio/packages/toolchain-gccarmnoneeabi@1.70201.0/bin/../lib/gcc/arm-none-eabi/7.2.1/../../../../arm-none-eabi/lib/thumb/v7e-m\libnosys.a
END GROUP
LOAD c:/users/administrator/.platformio/packages/toolchain-gccarmnoneeabi@1.70201.0/bin/../lib/gcc/arm-none-eabi/7.2.1/thumb/v7e-m/crtend.o
LOAD c:/users/administrator/.platformio/packages/toolchain-gccarmnoneeabi@1.70201.0/bin/../lib/gcc/arm-none-eabi/7.2.1/thumb/v7e-m/crtn.o
                0x20020000                _estack = 0x20020000
                0x00000200                _Min_Heap_Size = 0x200
                0x00000400                _Min_Stack_Size = 0x400

.isr_vector     0x08000000      0x188
                0x08000000                . = ALIGN (0x4)
 *(.isr_vector)
 .isr_vector    0x08000000      0x188 .pio/build/sen_f407vg/src/startup_stm32f407xx.o
                0x08000000                g_pfnVectors
                0x08000188                . = ALIGN (0x4)

.text           0x080001c0     0x691c
                0x080001c0                . = ALIGN (0x4)
 *(.text)
 .text          0x080001c0       0x40 c:/users/administrator/.platformio/packages/toolchain-gccarmnoneeabi@1.70201.0/bin/../lib/gcc/arm-none-eabi/7.2.1/thumb/v7e-m/crtbegin.o
 .text          0x08000200       0xf8 .pio/build/sen_f407vg/src/Middlewares/Third_Party/RealThread_RTOS_RT-Thread/libcpu/arm/cortex-m4/context_gcc.o
                0x08000200                rt_hw_interrupt_disable
                0x08000208                rt_hw_interrupt_enable
                0x0800020e                rt_hw_context_switch_interrupt
                0x0800020e                rt_hw_context_switch
                0x0800022e                PendSV_Handler
                0x0800026a                rt_hw_context_switch_to
                0x080002a6                rt_hw_interrupt_thread_switch
                0x080002aa                HardFault_Handler
 .text          0x080002f8      0x134 c:/users/administrator/.platformio/packages/toolchain-gccarmnoneeabi@1.70201.0/bin/../lib/gcc/arm-none-eabi/7.2.1/../../../../arm-none-eabi/lib/thumb/v7e-m\libc.a(lib_a-memcpy.o)
                0x080002f8                memcpy
 *fill*         0x0800042c       0x14 
 .text          0x08000440       0xdc c:/users/administrator/.platformio/packages/toolchain-gccarmnoneeabi@1.70201.0/bin/../lib/gcc/arm-none-eabi/7.2.1/../../../../arm-none-eabi/lib/thumb/v7e-m\libc.a(lib_a-strlen.o)
                0x08000440                strlen
 .text          0x0800051c       0x30 c:/users/administrator/.platformio/packages/toolchain-gccarmnoneeabi@1.70201.0/bin/../lib/gcc/arm-none-eabi/7.2.1/thumb/v7e-m\libgcc.a(_aeabi_uldivmod.o)
                0x0800051c                __aeabi_uldivmod
 .text          0x0800054c      0x2cc c:/users/administrator/.platformio/packages/toolchain-gccarmnoneeabi@1.70201.0/bin/../lib/gcc/arm-none-eabi/7.2.1/thumb/v7e-m\libgcc.a(_udivmoddi4.o)
                0x0800054c                __udivmoddi4
 .text          0x08000818        0x4 c:/users/administrator/.platformio/packages/toolchain-gccarmnoneeabi@1.70201.0/bin/../lib/gcc/arm-none-eabi/7.2.1/thumb/v7e-m\libgcc.a(_dvmd_tls.o)
                0x08000818                __aeabi_idiv0
                0x08000818                __aeabi_ldiv0
 *(.text*)
 .text.MX_GPIO_Init
                0x0800081c       0xf4 .pio/build/sen_f407vg/src/Core/Src/gpio.o
                0x0800081c                MX_GPIO_Init
 .text.main     0x08000910       0x74 .pio/build/sen_f407vg/src/Core/Src/main.o
                0x08000910                main
 .text.SystemClock_Config
                0x08000984       0xd4 .pio/build/sen_f407vg/src/Core/Src/main.o
                0x08000984                SystemClock_Config
 .text.print_thread
                0x08000a58       0x1c .pio/build/sen_f407vg/src/Core/Src/main.o
                0x08000a58                print_thread
 .text.Error_Handler
                0x08000a74        0xc .pio/build/sen_f407vg/src/Core/Src/main.o
                0x08000a74                Error_Handler
 .text.HAL_MspInit
                0x08000a80       0x4c .pio/build/sen_f407vg/src/Core/Src/stm32f4xx_hal_msp.o
                0x08000a80                HAL_MspInit
 .text.NMI_Handler
                0x08000acc        0xc .pio/build/sen_f407vg/src/Core/Src/stm32f4xx_it.o
                0x08000acc                NMI_Handler
 .text.MemManage_Handler
                0x08000ad8        0x6 .pio/build/sen_f407vg/src/Core/Src/stm32f4xx_it.o
                0x08000ad8                MemManage_Handler
 .text.BusFault_Handler
                0x08000ade        0x6 .pio/build/sen_f407vg/src/Core/Src/stm32f4xx_it.o
                0x08000ade                BusFault_Handler
 .text.UsageFault_Handler
                0x08000ae4        0x6 .pio/build/sen_f407vg/src/Core/Src/stm32f4xx_it.o
                0x08000ae4                UsageFault_Handler
 .text.SVC_Handler
                0x08000aea        0xc .pio/build/sen_f407vg/src/Core/Src/stm32f4xx_it.o
                0x08000aea                SVC_Handler
 .text.DebugMon_Handler
                0x08000af6        0xc .pio/build/sen_f407vg/src/Core/Src/stm32f4xx_it.o
                0x08000af6                DebugMon_Handler
 *fill*         0x08000b02        0x2 
 .text.USART1_IRQHandler
                0x08000b04       0x3c .pio/build/sen_f407vg/src/Core/Src/stm32f4xx_it.o
                0x08000b04                USART1_IRQHandler
 .text.SystemInit
                0x08000b40       0x18 .pio/build/sen_f407vg/src/Core/Src/system_stm32f4xx.o
                0x08000b40                SystemInit
 .text.SystemCoreClockUpdate
                0x08000b58       0xf4 .pio/build/sen_f407vg/src/Core/Src/system_stm32f4xx.o
                0x08000b58                SystemCoreClockUpdate
 .text.MX_USART1_UART_Init
                0x08000c4c       0x54 .pio/build/sen_f407vg/src/Core/Src/usart.o
                0x08000c4c                MX_USART1_UART_Init
 .text.HAL_UART_MspInit
                0x08000ca0       0xa0 .pio/build/sen_f407vg/src/Core/Src/usart.o
                0x08000ca0                HAL_UART_MspInit
 .text.HAL_Init
                0x08000d40       0x44 .pio/build/sen_f407vg/src/Drivers/STM32F4xx_HAL_Driver/Src/stm32f4xx_hal.o
                0x08000d40                HAL_Init
 .text.HAL_InitTick
                0x08000d84       0x60 .pio/build/sen_f407vg/src/Drivers/STM32F4xx_HAL_Driver/Src/stm32f4xx_hal.o
                0x08000d84                HAL_InitTick
 .text.HAL_GetTick
                0x08000de4       0x14 .pio/build/sen_f407vg/src/Drivers/STM32F4xx_HAL_Driver/Src/stm32f4xx_hal.o
                0x08000de4                HAL_GetTick
 .text.__NVIC_SetPriorityGrouping
                0x08000df8       0x48 .pio/build/sen_f407vg/src/Drivers/STM32F4xx_HAL_Driver/Src/stm32f4xx_hal_cortex.o
 .text.__NVIC_GetPriorityGrouping
                0x08000e40       0x1c .pio/build/sen_f407vg/src/Drivers/STM32F4xx_HAL_Driver/Src/stm32f4xx_hal_cortex.o
 .text.__NVIC_EnableIRQ
                0x08000e5c       0x38 .pio/build/sen_f407vg/src/Drivers/STM32F4xx_HAL_Driver/Src/stm32f4xx_hal_cortex.o
 .text.__NVIC_SetPriority
                0x08000e94       0x54 .pio/build/sen_f407vg/src/Drivers/STM32F4xx_HAL_Driver/Src/stm32f4xx_hal_cortex.o
 .text.NVIC_EncodePriority
                0x08000ee8       0x64 .pio/build/sen_f407vg/src/Drivers/STM32F4xx_HAL_Driver/Src/stm32f4xx_hal_cortex.o
 .text.SysTick_Config
                0x08000f4c       0x44 .pio/build/sen_f407vg/src/Drivers/STM32F4xx_HAL_Driver/Src/stm32f4xx_hal_cortex.o
 .text.HAL_NVIC_SetPriorityGrouping
                0x08000f90       0x16 .pio/build/sen_f407vg/src/Drivers/STM32F4xx_HAL_Driver/Src/stm32f4xx_hal_cortex.o
                0x08000f90                HAL_NVIC_SetPriorityGrouping
 .text.HAL_NVIC_SetPriority
                0x08000fa6       0x38 .pio/build/sen_f407vg/src/Drivers/STM32F4xx_HAL_Driver/Src/stm32f4xx_hal_cortex.o
                0x08000fa6                HAL_NVIC_SetPriority
 .text.HAL_NVIC_EnableIRQ
                0x08000fde       0x1c .pio/build/sen_f407vg/src/Drivers/STM32F4xx_HAL_Driver/Src/stm32f4xx_hal_cortex.o
                0x08000fde                HAL_NVIC_EnableIRQ
 .text.HAL_SYSTICK_Config
                0x08000ffa       0x18 .pio/build/sen_f407vg/src/Drivers/STM32F4xx_HAL_Driver/Src/stm32f4xx_hal_cortex.o
                0x08000ffa                HAL_SYSTICK_Config
 *fill*         0x08001012        0x2 
 .text.HAL_GPIO_Init
                0x08001014      0x334 .pio/build/sen_f407vg/src/Drivers/STM32F4xx_HAL_Driver/Src/stm32f4xx_hal_gpio.o
                0x08001014                HAL_GPIO_Init
 .text.HAL_GPIO_WritePin
                0x08001348       0x30 .pio/build/sen_f407vg/src/Drivers/STM32F4xx_HAL_Driver/Src/stm32f4xx_hal_gpio.o
                0x08001348                HAL_GPIO_WritePin
 .text.HAL_RCC_OscConfig
                0x08001378      0x4e0 .pio/build/sen_f407vg/src/Drivers/STM32F4xx_HAL_Driver/Src/stm32f4xx_hal_rcc.o
                0x08001378                HAL_RCC_OscConfig
 .text.HAL_RCC_ClockConfig
                0x08001858      0x1cc .pio/build/sen_f407vg/src/Drivers/STM32F4xx_HAL_Driver/Src/stm32f4xx_hal_rcc.o
                0x08001858                HAL_RCC_ClockConfig
 .text.HAL_RCC_GetSysClockFreq
                0x08001a24      0x1b0 .pio/build/sen_f407vg/src/Drivers/STM32F4xx_HAL_Driver/Src/stm32f4xx_hal_rcc.o
                0x08001a24                HAL_RCC_GetSysClockFreq
 .text.HAL_RCC_GetHCLKFreq
                0x08001bd4       0x14 .pio/build/sen_f407vg/src/Drivers/STM32F4xx_HAL_Driver/Src/stm32f4xx_hal_rcc.o
                0x08001bd4                HAL_RCC_GetHCLKFreq
 .text.HAL_RCC_GetPCLK1Freq
                0x08001be8       0x28 .pio/build/sen_f407vg/src/Drivers/STM32F4xx_HAL_Driver/Src/stm32f4xx_hal_rcc.o
                0x08001be8                HAL_RCC_GetPCLK1Freq
 .text.HAL_RCC_GetPCLK2Freq
                0x08001c10       0x28 .pio/build/sen_f407vg/src/Drivers/STM32F4xx_HAL_Driver/Src/stm32f4xx_hal_rcc.o
                0x08001c10                HAL_RCC_GetPCLK2Freq
 .text.HAL_UART_Init
                0x08001c38       0x9a .pio/build/sen_f407vg/src/Drivers/STM32F4xx_HAL_Driver/Src/stm32f4xx_hal_uart.o
                0x08001c38                HAL_UART_Init
 .text.HAL_UART_Transmit
                0x08001cd2      0x132 .pio/build/sen_f407vg/src/Drivers/STM32F4xx_HAL_Driver/Src/stm32f4xx_hal_uart.o
                0x08001cd2                HAL_UART_Transmit
 .text.UART_WaitOnFlagUntilTimeout
                0x08001e04       0x94 .pio/build/sen_f407vg/src/Drivers/STM32F4xx_HAL_Driver/Src/stm32f4xx_hal_uart.o
 .text.UART_SetConfig
                0x08001e98      0x6f8 .pio/build/sen_f407vg/src/Drivers/STM32F4xx_HAL_Driver/Src/stm32f4xx_hal_uart.o
 .text._SysTick_Config
                0x08002590       0x4c .pio/build/sen_f407vg/src/Middlewares/Third_Party/RealThread_RTOS_RT-Thread/bsp/board.o
 .text.rt_heap_begin_get
                0x080025dc       0x14 .pio/build/sen_f407vg/src/Middlewares/Third_Party/RealThread_RTOS_RT-Thread/bsp/board.o
                0x080025dc                rt_heap_begin_get
 .text.rt_heap_end_get
                0x080025f0       0x14 .pio/build/sen_f407vg/src/Middlewares/Third_Party/RealThread_RTOS_RT-Thread/bsp/board.o
                0x080025f0                rt_heap_end_get
 .text.rt_hw_board_init
                0x08002604       0x8c .pio/build/sen_f407vg/src/Middlewares/Third_Party/RealThread_RTOS_RT-Thread/bsp/board.o
                0x08002604                rt_hw_board_init
 .text.SysTick_Handler
                0x08002690       0x14 .pio/build/sen_f407vg/src/Middlewares/Third_Party/RealThread_RTOS_RT-Thread/bsp/board.o
                0x08002690                SysTick_Handler
 .text.rt_hw_console_output
                0x080026a4       0x70 .pio/build/sen_f407vg/src/Middlewares/Third_Party/RealThread_RTOS_RT-Thread/bsp/board.o
                0x080026a4                rt_hw_console_output
 .text.rt_hw_console_getchar
                0x08002714       0x28 .pio/build/sen_f407vg/src/Middlewares/Third_Party/RealThread_RTOS_RT-Thread/bsp/board.o
                0x08002714                rt_hw_console_getchar
 .text.rt_list_isempty
                0x0800273c       0x22 .pio/build/sen_f407vg/src/Middlewares/Third_Party/RealThread_RTOS_RT-Thread/components/finsh/cmd.o
 .text.rt_list_len
                0x0800275e       0x34 .pio/build/sen_f407vg/src/Middlewares/Third_Party/RealThread_RTOS_RT-Thread/components/finsh/cmd.o
 *fill*         0x08002792        0x2 
 .text.hello    0x08002794       0x14 .pio/build/sen_f407vg/src/Middlewares/Third_Party/RealThread_RTOS_RT-Thread/components/finsh/cmd.o
                0x08002794                hello
 .text.version  0x080027a8        0xe .pio/build/sen_f407vg/src/Middlewares/Third_Party/RealThread_RTOS_RT-Thread/components/finsh/cmd.o
                0x080027a8                version
 *fill*         0x080027b6        0x2 
 .text.object_split
                0x080027b8       0x28 .pio/build/sen_f407vg/src/Middlewares/Third_Party/RealThread_RTOS_RT-Thread/components/finsh/cmd.o
 .text.list_find_init
                0x080027e0       0x46 .pio/build/sen_f407vg/src/Middlewares/Third_Party/RealThread_RTOS_RT-Thread/components/finsh/cmd.o
 .text.list_get_next
                0x08002826       0xc6 .pio/build/sen_f407vg/src/Middlewares/Third_Party/RealThread_RTOS_RT-Thread/components/finsh/cmd.o
 .text.list_thread
                0x080028ec      0x208 .pio/build/sen_f407vg/src/Middlewares/Third_Party/RealThread_RTOS_RT-Thread/components/finsh/cmd.o
                0x080028ec                list_thread
 .text.show_wait_queue
                0x08002af4       0x50 .pio/build/sen_f407vg/src/Middlewares/Third_Party/RealThread_RTOS_RT-Thread/components/finsh/cmd.o
 .text.list_sem
                0x08002b44      0x12c .pio/build/sen_f407vg/src/Middlewares/Third_Party/RealThread_RTOS_RT-Thread/components/finsh/cmd.o
                0x08002b44                list_sem
 .text.list_msgqueue
                0x08002c70      0x12c .pio/build/sen_f407vg/src/Middlewares/Third_Party/RealThread_RTOS_RT-Thread/components/finsh/cmd.o
                0x08002c70                list_msgqueue
 .text.list_timer
                0x08002d9c      0x108 .pio/build/sen_f407vg/src/Middlewares/Third_Party/RealThread_RTOS_RT-Thread/components/finsh/cmd.o
                0x08002d9c                list_timer
 .text.list     0x08002ea4       0x68 .pio/build/sen_f407vg/src/Middlewares/Third_Party/RealThread_RTOS_RT-Thread/components/finsh/cmd.o
                0x08002ea4                list
 .text.msh_is_used
                0x08002f0c        0xe .pio/build/sen_f407vg/src/Middlewares/Third_Party/RealThread_RTOS_RT-Thread/components/finsh/msh.o
                0x08002f0c                msh_is_used
 *fill*         0x08002f1a        0x2 
 .text.msh_help
                0x08002f1c       0x78 .pio/build/sen_f407vg/src/Middlewares/Third_Party/RealThread_RTOS_RT-Thread/components/finsh/msh.o
                0x08002f1c                msh_help
 .text.cmd_ps   0x08002f94       0x18 .pio/build/sen_f407vg/src/Middlewares/Third_Party/RealThread_RTOS_RT-Thread/components/finsh/msh.o
                0x08002f94                cmd_ps
 .text.cmd_free
                0x08002fac       0x18 .pio/build/sen_f407vg/src/Middlewares/Third_Party/RealThread_RTOS_RT-Thread/components/finsh/msh.o
                0x08002fac                cmd_free
 .text.msh_split
                0x08002fc4      0x170 .pio/build/sen_f407vg/src/Middlewares/Third_Party/RealThread_RTOS_RT-Thread/components/finsh/msh.o
 .text.msh_get_cmd
                0x08003134       0x80 .pio/build/sen_f407vg/src/Middlewares/Third_Party/RealThread_RTOS_RT-Thread/components/finsh/msh.o
 .text._msh_exec_cmd
                0x080031b4       0xa2 .pio/build/sen_f407vg/src/Middlewares/Third_Party/RealThread_RTOS_RT-Thread/components/finsh/msh.o
 *fill*         0x08003256        0x2 
 .text.msh_exec
                0x08003258       0x84 .pio/build/sen_f407vg/src/Middlewares/Third_Party/RealThread_RTOS_RT-Thread/components/finsh/msh.o
                0x08003258                msh_exec
 .text.str_common
                0x080032dc       0x48 .pio/build/sen_f407vg/src/Middlewares/Third_Party/RealThread_RTOS_RT-Thread/components/finsh/msh.o
 .text.msh_auto_complete
                0x08003324       0xd0 .pio/build/sen_f407vg/src/Middlewares/Third_Party/RealThread_RTOS_RT-Thread/components/finsh/msh.o
                0x08003324                msh_auto_complete
 .text.finsh_get_prompt
                0x080033f4       0xa0 .pio/build/sen_f407vg/src/Middlewares/Third_Party/RealThread_RTOS_RT-Thread/components/finsh/shell.o
                0x080033f4                finsh_get_prompt
 .text.finsh_set_prompt_mode
                0x08003494       0x30 .pio/build/sen_f407vg/src/Middlewares/Third_Party/RealThread_RTOS_RT-Thread/components/finsh/shell.o
                0x08003494                finsh_set_prompt_mode
 .text.finsh_getchar
                0x080034c4        0xe .pio/build/sen_f407vg/src/Middlewares/Third_Party/RealThread_RTOS_RT-Thread/components/finsh/shell.o
 *fill*         0x080034d2        0x2 
 .text.shell_auto_complete
                0x080034d4       0x40 .pio/build/sen_f407vg/src/Middlewares/Third_Party/RealThread_RTOS_RT-Thread/components/finsh/shell.o
 .text.finsh_thread_entry
                0x08003514      0x488 .pio/build/sen_f407vg/src/Middlewares/Third_Party/RealThread_RTOS_RT-Thread/components/finsh/shell.o
                0x08003514                finsh_thread_entry
 .text.finsh_system_function_init
                0x0800399c       0x28 .pio/build/sen_f407vg/src/Middlewares/Third_Party/RealThread_RTOS_RT-Thread/components/finsh/shell.o
                0x0800399c                finsh_system_function_init
 .text.finsh_system_var_init
                0x080039c4       0x28 .pio/build/sen_f407vg/src/Middlewares/Third_Party/RealThread_RTOS_RT-Thread/components/finsh/shell.o
                0x080039c4                finsh_system_var_init
 .text.finsh_system_init
                0x080039ec       0xac .pio/build/sen_f407vg/src/Middlewares/Third_Party/RealThread_RTOS_RT-Thread/components/finsh/shell.o
                0x080039ec                finsh_system_init
 .text.rt_hw_stack_init
                0x08003a98       0x88 .pio/build/sen_f407vg/src/Middlewares/Third_Party/RealThread_RTOS_RT-Thread/libcpu/arm/cortex-m4/cpuport.o
                0x08003a98                rt_hw_stack_init
 .text.usage_fault_track
                0x08003b20       0xc4 .pio/build/sen_f407vg/src/Middlewares/Third_Party/RealThread_RTOS_RT-Thread/libcpu/arm/cortex-m4/cpuport.o
 .text.bus_fault_track
                0x08003be4       0xcc .pio/build/sen_f407vg/src/Middlewares/Third_Party/RealThread_RTOS_RT-Thread/libcpu/arm/cortex-m4/cpuport.o
 .text.mem_manage_fault_track
                0x08003cb0       0xb4 .pio/build/sen_f407vg/src/Middlewares/Third_Party/RealThread_RTOS_RT-Thread/libcpu/arm/cortex-m4/cpuport.o
 .text.hard_fault_track
                0x08003d64       0x78 .pio/build/sen_f407vg/src/Middlewares/Third_Party/RealThread_RTOS_RT-Thread/libcpu/arm/cortex-m4/cpuport.o
 .text.rt_hw_hard_fault_exception
                0x08003ddc      0x184 .pio/build/sen_f407vg/src/Middlewares/Third_Party/RealThread_RTOS_RT-Thread/libcpu/arm/cortex-m4/cpuport.o
                0x08003ddc                rt_hw_hard_fault_exception
 .text.rt_tick_get
                0x08003f60       0x14 .pio/build/sen_f407vg/src/Middlewares/Third_Party/RealThread_RTOS_RT-Thread/src/clock.o
                0x08003f60                rt_tick_get
 .text.rt_tick_increase
                0x08003f74       0x44 .pio/build/sen_f407vg/src/Middlewares/Third_Party/RealThread_RTOS_RT-Thread/src/clock.o
                0x08003f74                rt_tick_increase
 .text.rt_tick_from_millisecond
                0x08003fb8       0x78 .pio/build/sen_f407vg/src/Middlewares/Third_Party/RealThread_RTOS_RT-Thread/src/clock.o
                0x08003fb8                rt_tick_from_millisecond
 .text.rti_start
                0x08004030        0xe .pio/build/sen_f407vg/src/Middlewares/Third_Party/RealThread_RTOS_RT-Thread/src/components.o
 .text.rti_board_start
                0x0800403e        0xe .pio/build/sen_f407vg/src/Middlewares/Third_Party/RealThread_RTOS_RT-Thread/src/components.o
 .text.rti_board_end
                0x0800404c        0xe .pio/build/sen_f407vg/src/Middlewares/Third_Party/RealThread_RTOS_RT-Thread/src/components.o
 .text.rti_end  0x0800405a        0xe .pio/build/sen_f407vg/src/Middlewares/Third_Party/RealThread_RTOS_RT-Thread/src/components.o
 .text.rt_components_board_init
                0x08004068       0x30 .pio/build/sen_f407vg/src/Middlewares/Third_Party/RealThread_RTOS_RT-Thread/src/components.o
                0x08004068                rt_components_board_init
 .text.rt_components_init
                0x08004098       0x30 .pio/build/sen_f407vg/src/Middlewares/Third_Party/RealThread_RTOS_RT-Thread/src/components.o
                0x08004098                rt_components_init
 .text.entry    0x080040c8        0xe .pio/build/sen_f407vg/src/Middlewares/Third_Party/RealThread_RTOS_RT-Thread/src/components.o
                0x080040c8                entry
 .text.main_thread_entry
                0x080040d6       0x18 .pio/build/sen_f407vg/src/Middlewares/Third_Party/RealThread_RTOS_RT-Thread/src/components.o
                0x080040d6                main_thread_entry
 *fill*         0x080040ee        0x2 
 .text.rt_application_init
                0x080040f0       0x34 .pio/build/sen_f407vg/src/Middlewares/Third_Party/RealThread_RTOS_RT-Thread/src/components.o
                0x080040f0                rt_application_init
 .text.rtthread_startup
                0x08004124       0x2e .pio/build/sen_f407vg/src/Middlewares/Third_Party/RealThread_RTOS_RT-Thread/src/components.o
                0x08004124                rtthread_startup
 .text.rt_list_remove
                0x08004152       0x34 .pio/build/sen_f407vg/src/Middlewares/Third_Party/RealThread_RTOS_RT-Thread/src/idle.o
 *fill*         0x08004186        0x2 
 .text._has_defunct_thread
                0x08004188       0x28 .pio/build/sen_f407vg/src/Middlewares/Third_Party/RealThread_RTOS_RT-Thread/src/idle.o
 .text.rt_thread_idle_excute
                0x080041b0       0x94 .pio/build/sen_f407vg/src/Middlewares/Third_Party/RealThread_RTOS_RT-Thread/src/idle.o
                0x080041b0                rt_thread_idle_excute
 .text.rt_thread_idle_entry
                0x08004244        0xe .pio/build/sen_f407vg/src/Middlewares/Third_Party/RealThread_RTOS_RT-Thread/src/idle.o
 *fill*         0x08004252        0x2 
 .text.rt_thread_idle_init
                0x08004254       0x40 .pio/build/sen_f407vg/src/Middlewares/Third_Party/RealThread_RTOS_RT-Thread/src/idle.o
                0x08004254                rt_thread_idle_init
 .text.rt_list_init
                0x08004294       0x20 .pio/build/sen_f407vg/src/Middlewares/Third_Party/RealThread_RTOS_RT-Thread/src/ipc.o
 .text.rt_list_insert_before
                0x080042b4       0x30 .pio/build/sen_f407vg/src/Middlewares/Third_Party/RealThread_RTOS_RT-Thread/src/ipc.o
 .text.rt_list_isempty
                0x080042e4       0x22 .pio/build/sen_f407vg/src/Middlewares/Third_Party/RealThread_RTOS_RT-Thread/src/ipc.o
 .text.rt_ipc_object_init
                0x08004306       0x1c .pio/build/sen_f407vg/src/Middlewares/Third_Party/RealThread_RTOS_RT-Thread/src/ipc.o
 .text.rt_ipc_list_suspend
                0x08004322       0x8e .pio/build/sen_f407vg/src/Middlewares/Third_Party/RealThread_RTOS_RT-Thread/src/ipc.o
 .text.rt_ipc_list_resume
                0x080043b0       0x20 .pio/build/sen_f407vg/src/Middlewares/Third_Party/RealThread_RTOS_RT-Thread/src/ipc.o
 .text.rt_sem_init
                0x080043d0       0x3a .pio/build/sen_f407vg/src/Middlewares/Third_Party/RealThread_RTOS_RT-Thread/src/ipc.o
                0x080043d0                rt_sem_init
 .text.rt_sem_take
                0x0800440a       0x9c .pio/build/sen_f407vg/src/Middlewares/Third_Party/RealThread_RTOS_RT-Thread/src/ipc.o
                0x0800440a                rt_sem_take
 .text.rt_sem_release
                0x080044a6       0x52 .pio/build/sen_f407vg/src/Middlewares/Third_Party/RealThread_RTOS_RT-Thread/src/ipc.o
                0x080044a6                rt_sem_release
 .text.rt_mq_init
                0x080044f8       0xa6 .pio/build/sen_f407vg/src/Middlewares/Third_Party/RealThread_RTOS_RT-Thread/src/ipc.o
                0x080044f8                rt_mq_init
 .text.rt_mq_send
                0x0800459e       0xd8 .pio/build/sen_f407vg/src/Middlewares/Third_Party/RealThread_RTOS_RT-Thread/src/ipc.o
                0x0800459e                rt_mq_send
 .text.rt_mq_recv
                0x08004676      0x158 .pio/build/sen_f407vg/src/Middlewares/Third_Party/RealThread_RTOS_RT-Thread/src/ipc.o
                0x08004676                rt_mq_recv
 *fill*         0x080047ce        0x2 
 .text.rt_interrupt_enter
                0x080047d0       0x2c .pio/build/sen_f407vg/src/Middlewares/Third_Party/RealThread_RTOS_RT-Thread/src/irq.o
                0x080047d0                rt_interrupt_enter
 .text.rt_interrupt_leave
                0x080047fc       0x2c .pio/build/sen_f407vg/src/Middlewares/Third_Party/RealThread_RTOS_RT-Thread/src/irq.o
                0x080047fc                rt_interrupt_leave
 .text.rt_memset
                0x08004828       0xb4 .pio/build/sen_f407vg/src/Middlewares/Third_Party/RealThread_RTOS_RT-Thread/src/kservice.o
                0x08004828                rt_memset
 .text.rt_memcpy
                0x080048dc       0xd0 .pio/build/sen_f407vg/src/Middlewares/Third_Party/RealThread_RTOS_RT-Thread/src/kservice.o
                0x080048dc                rt_memcpy
 .text.rt_memmove
                0x080049ac       0x80 .pio/build/sen_f407vg/src/Middlewares/Third_Party/RealThread_RTOS_RT-Thread/src/kservice.o
                0x080049ac                rt_memmove
 .text.rt_strncpy
                0x08004a2c       0x62 .pio/build/sen_f407vg/src/Middlewares/Third_Party/RealThread_RTOS_RT-Thread/src/kservice.o
                0x08004a2c                rt_strncpy
 .text.rt_strlen
                0x08004a8e       0x2c .pio/build/sen_f407vg/src/Middlewares/Third_Party/RealThread_RTOS_RT-Thread/src/kservice.o
                0x08004a8e                rt_strlen
 *fill*         0x08004aba        0x2 
 .text.rt_show_version
                0x08004abc       0x44 .pio/build/sen_f407vg/src/Middlewares/Third_Party/RealThread_RTOS_RT-Thread/src/kservice.o
                0x08004abc                rt_show_version
 .text.divide   0x08004b00       0x68 .pio/build/sen_f407vg/src/Middlewares/Third_Party/RealThread_RTOS_RT-Thread/src/kservice.o
 .text.skip_atoi
                0x08004b68       0x40 .pio/build/sen_f407vg/src/Middlewares/Third_Party/RealThread_RTOS_RT-Thread/src/kservice.o
 .text.print_number
                0x08004ba8      0x1dc .pio/build/sen_f407vg/src/Middlewares/Third_Party/RealThread_RTOS_RT-Thread/src/kservice.o
 .text.rt_vsnprintf
                0x08004d84      0x548 .pio/build/sen_f407vg/src/Middlewares/Third_Party/RealThread_RTOS_RT-Thread/src/kservice.o
                0x08004d84                rt_vsnprintf
 .text.rt_kprintf
                0x080052cc       0x40 .pio/build/sen_f407vg/src/Middlewares/Third_Party/RealThread_RTOS_RT-Thread/src/kservice.o
                0x080052cc                rt_kprintf
 .text.__rt_ffs
                0x0800530c       0x70 .pio/build/sen_f407vg/src/Middlewares/Third_Party/RealThread_RTOS_RT-Thread/src/kservice.o
                0x0800530c                __rt_ffs
 .text.plug_holes
                0x0800537c       0xbc .pio/build/sen_f407vg/src/Middlewares/Third_Party/RealThread_RTOS_RT-Thread/src/mem.o
 .text.rt_system_heap_init
                0x08005438       0xe4 .pio/build/sen_f407vg/src/Middlewares/Third_Party/RealThread_RTOS_RT-Thread/src/mem.o
                0x08005438                rt_system_heap_init
 .text.rt_malloc
                0x0800551c      0x1c4 .pio/build/sen_f407vg/src/Middlewares/Third_Party/RealThread_RTOS_RT-Thread/src/mem.o
                0x0800551c                rt_malloc
 .text.rt_calloc
                0x080056e0       0x3c .pio/build/sen_f407vg/src/Middlewares/Third_Party/RealThread_RTOS_RT-Thread/src/mem.o
                0x080056e0                rt_calloc
 .text.rt_free  0x0800571c       0xcc .pio/build/sen_f407vg/src/Middlewares/Third_Party/RealThread_RTOS_RT-Thread/src/mem.o
                0x0800571c                rt_free
 .text.list_mem
                0x080057e8       0x44 .pio/build/sen_f407vg/src/Middlewares/Third_Party/RealThread_RTOS_RT-Thread/src/mem.o
                0x080057e8                list_mem
 .text.rt_list_insert_after
                0x0800582c       0x30 .pio/build/sen_f407vg/src/Middlewares/Third_Party/RealThread_RTOS_RT-Thread/src/object.o
 .text.rt_list_remove
                0x0800585c       0x34 .pio/build/sen_f407vg/src/Middlewares/Third_Party/RealThread_RTOS_RT-Thread/src/object.o
 .text.rt_object_get_information
                0x08005890       0x48 .pio/build/sen_f407vg/src/Middlewares/Third_Party/RealThread_RTOS_RT-Thread/src/object.o
                0x08005890                rt_object_get_information
 .text.rt_object_init
                0x080058d8       0x7e .pio/build/sen_f407vg/src/Middlewares/Third_Party/RealThread_RTOS_RT-Thread/src/object.o
                0x080058d8                rt_object_init
 .text.rt_object_detach
                0x08005956       0x2c .pio/build/sen_f407vg/src/Middlewares/Third_Party/RealThread_RTOS_RT-Thread/src/object.o
                0x08005956                rt_object_detach
 .text.rt_object_allocate
                0x08005982       0x78 .pio/build/sen_f407vg/src/Middlewares/Third_Party/RealThread_RTOS_RT-Thread/src/object.o
                0x08005982                rt_object_allocate
 .text.rt_object_delete
                0x080059fa       0x32 .pio/build/sen_f407vg/src/Middlewares/Third_Party/RealThread_RTOS_RT-Thread/src/object.o
                0x080059fa                rt_object_delete
 .text.rt_object_is_systemobject
                0x08005a2c       0x22 .pio/build/sen_f407vg/src/Middlewares/Third_Party/RealThread_RTOS_RT-Thread/src/object.o
                0x08005a2c                rt_object_is_systemobject
 .text.rt_list_init
                0x08005a4e       0x20 .pio/build/sen_f407vg/src/Middlewares/Third_Party/RealThread_RTOS_RT-Thread/src/scheduler.o
 .text.rt_list_insert_before
                0x08005a6e       0x30 .pio/build/sen_f407vg/src/Middlewares/Third_Party/RealThread_RTOS_RT-Thread/src/scheduler.o
 .text.rt_list_remove
                0x08005a9e       0x34 .pio/build/sen_f407vg/src/Middlewares/Third_Party/RealThread_RTOS_RT-Thread/src/scheduler.o
 .text.rt_list_isempty
                0x08005ad2       0x22 .pio/build/sen_f407vg/src/Middlewares/Third_Party/RealThread_RTOS_RT-Thread/src/scheduler.o
 .text.rt_system_scheduler_init
                0x08005af4       0x54 .pio/build/sen_f407vg/src/Middlewares/Third_Party/RealThread_RTOS_RT-Thread/src/scheduler.o
                0x08005af4                rt_system_scheduler_init
 .text.rt_system_scheduler_start
                0x08005b48       0x3c .pio/build/sen_f407vg/src/Middlewares/Third_Party/RealThread_RTOS_RT-Thread/src/scheduler.o
                0x08005b48                rt_system_scheduler_start
 .text.rt_schedule
                0x08005b84       0xa8 .pio/build/sen_f407vg/src/Middlewares/Third_Party/RealThread_RTOS_RT-Thread/src/scheduler.o
                0x08005b84                rt_schedule
 .text.rt_schedule_insert_thread
                0x08005c2c       0x68 .pio/build/sen_f407vg/src/Middlewares/Third_Party/RealThread_RTOS_RT-Thread/src/scheduler.o
                0x08005c2c                rt_schedule_insert_thread
 .text.rt_schedule_remove_thread
                0x08005c94       0x58 .pio/build/sen_f407vg/src/Middlewares/Third_Party/RealThread_RTOS_RT-Thread/src/scheduler.o
                0x08005c94                rt_schedule_remove_thread
 .text.rt_enter_critical
                0x08005cec       0x2c .pio/build/sen_f407vg/src/Middlewares/Third_Party/RealThread_RTOS_RT-Thread/src/scheduler.o
                0x08005cec                rt_enter_critical
 .text.rt_exit_critical
                0x08005d18       0x54 .pio/build/sen_f407vg/src/Middlewares/Third_Party/RealThread_RTOS_RT-Thread/src/scheduler.o
                0x08005d18                rt_exit_critical
 .text.rt_list_init
                0x08005d6c       0x20 .pio/build/sen_f407vg/src/Middlewares/Third_Party/RealThread_RTOS_RT-Thread/src/thread.o
 .text.rt_list_insert_after
                0x08005d8c       0x30 .pio/build/sen_f407vg/src/Middlewares/Third_Party/RealThread_RTOS_RT-Thread/src/thread.o
 .text.rt_list_insert_before
                0x08005dbc       0x30 .pio/build/sen_f407vg/src/Middlewares/Third_Party/RealThread_RTOS_RT-Thread/src/thread.o
 .text.rt_list_remove
                0x08005dec       0x34 .pio/build/sen_f407vg/src/Middlewares/Third_Party/RealThread_RTOS_RT-Thread/src/thread.o
 .text.rt_thread_exit
                0x08005e20       0x6c .pio/build/sen_f407vg/src/Middlewares/Third_Party/RealThread_RTOS_RT-Thread/src/thread.o
                0x08005e20                rt_thread_exit
 .text._rt_thread_init
                0x08005e8c       0xcc .pio/build/sen_f407vg/src/Middlewares/Third_Party/RealThread_RTOS_RT-Thread/src/thread.o
 .text.rt_thread_init
                0x08005f58       0x40 .pio/build/sen_f407vg/src/Middlewares/Third_Party/RealThread_RTOS_RT-Thread/src/thread.o
                0x08005f58                rt_thread_init
 .text.rt_thread_self
                0x08005f98       0x14 .pio/build/sen_f407vg/src/Middlewares/Third_Party/RealThread_RTOS_RT-Thread/src/thread.o
                0x08005f98                rt_thread_self
 .text.rt_thread_startup
                0x08005fac       0x4c .pio/build/sen_f407vg/src/Middlewares/Third_Party/RealThread_RTOS_RT-Thread/src/thread.o
                0x08005fac                rt_thread_startup
 .text.rt_thread_create
                0x08005ff8       0x62 .pio/build/sen_f407vg/src/Middlewares/Third_Party/RealThread_RTOS_RT-Thread/src/thread.o
                0x08005ff8                rt_thread_create
 *fill*         0x0800605a        0x2 
 .text.rt_thread_yield
                0x0800605c       0x74 .pio/build/sen_f407vg/src/Middlewares/Third_Party/RealThread_RTOS_RT-Thread/src/thread.o
                0x0800605c                rt_thread_yield
 .text.rt_thread_sleep
                0x080060d0       0x5c .pio/build/sen_f407vg/src/Middlewares/Third_Party/RealThread_RTOS_RT-Thread/src/thread.o
                0x080060d0                rt_thread_sleep
 .text.rt_thread_mdelay
                0x0800612c       0x20 .pio/build/sen_f407vg/src/Middlewares/Third_Party/RealThread_RTOS_RT-Thread/src/thread.o
                0x0800612c                rt_thread_mdelay
 .text.rt_thread_suspend
                0x0800614c       0x5e .pio/build/sen_f407vg/src/Middlewares/Third_Party/RealThread_RTOS_RT-Thread/src/thread.o
                0x0800614c                rt_thread_suspend
 .text.rt_thread_resume
                0x080061aa       0x4c .pio/build/sen_f407vg/src/Middlewares/Third_Party/RealThread_RTOS_RT-Thread/src/thread.o
                0x080061aa                rt_thread_resume
 .text.rt_thread_timeout
                0x080061f6       0x30 .pio/build/sen_f407vg/src/Middlewares/Third_Party/RealThread_RTOS_RT-Thread/src/thread.o
                0x080061f6                rt_thread_timeout
 .text.rt_list_init
                0x08006226       0x20 .pio/build/sen_f407vg/src/Middlewares/Third_Party/RealThread_RTOS_RT-Thread/src/timer.o
 .text.rt_list_insert_after
                0x08006246       0x30 .pio/build/sen_f407vg/src/Middlewares/Third_Party/RealThread_RTOS_RT-Thread/src/timer.o
 .text.rt_list_remove
                0x08006276       0x34 .pio/build/sen_f407vg/src/Middlewares/Third_Party/RealThread_RTOS_RT-Thread/src/timer.o
 .text.rt_list_isempty
                0x080062aa       0x22 .pio/build/sen_f407vg/src/Middlewares/Third_Party/RealThread_RTOS_RT-Thread/src/timer.o
 .text._rt_timer_init
                0x080062cc       0x68 .pio/build/sen_f407vg/src/Middlewares/Third_Party/RealThread_RTOS_RT-Thread/src/timer.o
 .text._rt_timer_remove
                0x08006334       0x34 .pio/build/sen_f407vg/src/Middlewares/Third_Party/RealThread_RTOS_RT-Thread/src/timer.o
 .text.rt_timer_init
                0x08006368       0x30 .pio/build/sen_f407vg/src/Middlewares/Third_Party/RealThread_RTOS_RT-Thread/src/timer.o
                0x08006368                rt_timer_init
 .text.rt_timer_detach
                0x08006398       0x2a .pio/build/sen_f407vg/src/Middlewares/Third_Party/RealThread_RTOS_RT-Thread/src/timer.o
                0x08006398                rt_timer_detach
 *fill*         0x080063c2        0x2 
 .text.rt_timer_start
                0x080063c4      0x194 .pio/build/sen_f407vg/src/Middlewares/Third_Party/RealThread_RTOS_RT-Thread/src/timer.o
                0x080063c4                rt_timer_start
 .text.rt_timer_stop
                0x08006558       0x44 .pio/build/sen_f407vg/src/Middlewares/Third_Party/RealThread_RTOS_RT-Thread/src/timer.o
                0x08006558                rt_timer_stop
 .text.rt_timer_control
                0x0800659c       0x68 .pio/build/sen_f407vg/src/Middlewares/Third_Party/RealThread_RTOS_RT-Thread/src/timer.o
                0x0800659c                rt_timer_control
 .text.rt_timer_check
                0x08006604       0xa4 .pio/build/sen_f407vg/src/Middlewares/Third_Party/RealThread_RTOS_RT-Thread/src/timer.o
                0x08006604                rt_timer_check
 .text.rt_system_timer_init
                0x080066a8       0x34 .pio/build/sen_f407vg/src/Middlewares/Third_Party/RealThread_RTOS_RT-Thread/src/timer.o
                0x080066a8                rt_system_timer_init
 .text.rt_system_timer_thread_init
                0x080066dc        0xc .pio/build/sen_f407vg/src/Middlewares/Third_Party/RealThread_RTOS_RT-Thread/src/timer.o
                0x080066dc                rt_system_timer_thread_init
 .text.Reset_Handler
                0x080066e8       0x50 .pio/build/sen_f407vg/src/startup_stm32f407xx.o
                0x080066e8                Reset_Handler
 .text.Default_Handler
                0x08006738        0x2 .pio/build/sen_f407vg/src/startup_stm32f407xx.o
                0x08006738                RTC_Alarm_IRQHandler
                0x08006738                HASH_RNG_IRQHandler
                0x08006738                EXTI2_IRQHandler
                0x08006738                TIM8_CC_IRQHandler
                0x08006738                TIM1_CC_IRQHandler
                0x08006738                DMA2_Stream5_IRQHandler
                0x08006738                DMA1_Stream5_IRQHandler
                0x08006738                PVD_IRQHandler
                0x08006738                SDIO_IRQHandler
                0x08006738                TAMP_STAMP_IRQHandler
                0x08006738                CAN2_RX1_IRQHandler
                0x08006738                EXTI3_IRQHandler
                0x08006738                TIM8_TRG_COM_TIM14_IRQHandler
                0x08006738                TIM1_UP_TIM10_IRQHandler
                0x08006738                TIM8_UP_TIM13_IRQHandler
                0x08006738                I2C3_ER_IRQHandler
                0x08006738                EXTI0_IRQHandler
                0x08006738                I2C2_EV_IRQHandler
                0x08006738                DMA1_Stream2_IRQHandler
                0x08006738                CAN1_RX0_IRQHandler
                0x08006738                FPU_IRQHandler
                0x08006738                OTG_HS_WKUP_IRQHandler
                0x08006738                CAN2_SCE_IRQHandler
                0x08006738                DMA2_Stream2_IRQHandler
                0x08006738                SPI1_IRQHandler
                0x08006738                TIM6_DAC_IRQHandler
                0x08006738                TIM1_BRK_TIM9_IRQHandler
                0x08006738                DCMI_IRQHandler
                0x08006738                CAN2_RX0_IRQHandler
                0x08006738                DMA2_Stream3_IRQHandler
                0x08006738                USART6_IRQHandler
                0x08006738                USART3_IRQHandler
                0x08006738                CAN1_RX1_IRQHandler
                0x08006738                UART5_IRQHandler
                0x08006738                DMA2_Stream0_IRQHandler
                0x08006738                TIM4_IRQHandler
                0x08006738                I2C1_EV_IRQHandler
                0x08006738                DMA1_Stream6_IRQHandler
                0x08006738                DMA1_Stream1_IRQHandler
                0x08006738                UART4_IRQHandler
                0x08006738                TIM3_IRQHandler
                0x08006738                RCC_IRQHandler
                0x08006738                TIM8_BRK_TIM12_IRQHandler
                0x08006738                Default_Handler
                0x08006738                EXTI15_10_IRQHandler
                0x08006738                ADC_IRQHandler
                0x08006738                DMA1_Stream7_IRQHandler
                0x08006738                TIM7_IRQHandler
                0x08006738                CAN2_TX_IRQHandler
                0x08006738                TIM5_IRQHandler
                0x08006738                DMA2_Stream7_IRQHandler
                0x08006738                I2C3_EV_IRQHandler
                0x08006738                EXTI9_5_IRQHandler
                0x08006738                RTC_WKUP_IRQHandler
                0x08006738                ETH_WKUP_IRQHandler
                0x08006738                SPI2_IRQHandler
                0x08006738                OTG_HS_EP1_IN_IRQHandler
                0x08006738                DMA1_Stream0_IRQHandler
                0x08006738                CAN1_TX_IRQHandler
                0x08006738                EXTI4_IRQHandler
                0x08006738                FSMC_IRQHandler
                0x08006738                ETH_IRQHandler
                0x08006738                OTG_HS_EP1_OUT_IRQHandler
                0x08006738                WWDG_IRQHandler
                0x08006738                TIM2_IRQHandler
                0x08006738                OTG_FS_WKUP_IRQHandler
                0x08006738                TIM1_TRG_COM_TIM11_IRQHandler
                0x08006738                OTG_HS_IRQHandler
                0x08006738                EXTI1_IRQHandler
                0x08006738                USART2_IRQHandler
                0x08006738                I2C2_ER_IRQHandler
                0x08006738                DMA2_Stream1_IRQHandler
                0x08006738                CAN1_SCE_IRQHandler
                0x08006738                FLASH_IRQHandler
                0x08006738                DMA2_Stream4_IRQHandler
                0x08006738                OTG_FS_IRQHandler
                0x08006738                SPI3_IRQHandler
                0x08006738                DMA1_Stream4_IRQHandler
                0x08006738                I2C1_ER_IRQHandler
                0x08006738                DMA2_Stream6_IRQHandler
                0x08006738                DMA1_Stream3_IRQHandler
 *fill*         0x0800673a        0x2 
 .text.__libc_init_array
                0x0800673c       0x48 c:/users/administrator/.platformio/packages/toolchain-gccarmnoneeabi@1.70201.0/bin/../lib/gcc/arm-none-eabi/7.2.1/../../../../arm-none-eabi/lib/thumb/v7e-m\libc.a(lib_a-init.o)
                0x0800673c                __libc_init_array
 .text.memset   0x08006784       0x94 c:/users/administrator/.platformio/packages/toolchain-gccarmnoneeabi@1.70201.0/bin/../lib/gcc/arm-none-eabi/7.2.1/../../../../arm-none-eabi/lib/thumb/v7e-m\libc.a(lib_a-memset.o)
                0x08006784                memset
 .text.strncmp  0x08006818       0x98 c:/users/administrator/.platformio/packages/toolchain-gccarmnoneeabi@1.70201.0/bin/../lib/gcc/arm-none-eabi/7.2.1/../../../../arm-none-eabi/lib/thumb/v7e-m\libc.a(lib_a-strncmp.o)
                0x08006818                strncmp
 .text.strncpy  0x080068b0       0x64 c:/users/administrator/.platformio/packages/toolchain-gccarmnoneeabi@1.70201.0/bin/../lib/gcc/arm-none-eabi/7.2.1/../../../../arm-none-eabi/lib/thumb/v7e-m\libc.a(lib_a-strncpy.o)
                0x080068b0                strncpy
 .text.startup.register_fini
                0x08006914       0x14 c:/users/administrator/.platformio/packages/toolchain-gccarmnoneeabi@1.70201.0/bin/../lib/gcc/arm-none-eabi/7.2.1/../../../../arm-none-eabi/lib/thumb/v7e-m\libc.a(lib_a-__call_atexit.o)
 .text.atexit   0x08006928        0xc c:/users/administrator/.platformio/packages/toolchain-gccarmnoneeabi@1.70201.0/bin/../lib/gcc/arm-none-eabi/7.2.1/../../../../arm-none-eabi/lib/thumb/v7e-m\libc.a(lib_a-atexit.o)
                0x08006928                atexit
 .text.__libc_fini_array
                0x08006934       0x34 c:/users/administrator/.platformio/packages/toolchain-gccarmnoneeabi@1.70201.0/bin/../lib/gcc/arm-none-eabi/7.2.1/../../../../arm-none-eabi/lib/thumb/v7e-m\libc.a(lib_a-fini.o)
                0x08006934                __libc_fini_array
 .text.__retarget_lock_acquire_recursive
                0x08006968        0x4 c:/users/administrator/.platformio/packages/toolchain-gccarmnoneeabi@1.70201.0/bin/../lib/gcc/arm-none-eabi/7.2.1/../../../../arm-none-eabi/lib/thumb/v7e-m\libc.a(lib_a-lock.o)
                0x08006968                __retarget_lock_acquire_recursive
 .text.__retarget_lock_release_recursive
                0x0800696c        0x4 c:/users/administrator/.platformio/packages/toolchain-gccarmnoneeabi@1.70201.0/bin/../lib/gcc/arm-none-eabi/7.2.1/../../../../arm-none-eabi/lib/thumb/v7e-m\libc.a(lib_a-lock.o)
                0x0800696c                __retarget_lock_release_recursive
 .text.__register_exitproc
                0x08006970       0xc0 c:/users/administrator/.platformio/packages/toolchain-gccarmnoneeabi@1.70201.0/bin/../lib/gcc/arm-none-eabi/7.2.1/../../../../arm-none-eabi/lib/thumb/v7e-m\libc.a(lib_a-__atexit.o)
                0x08006970                __register_exitproc
 *(.glue_7)
 .glue_7        0x08006a30        0x0 linker stubs
 *(.glue_7t)
 .glue_7t       0x08006a30        0x0 linker stubs
 *(.eh_frame)
 .eh_frame      0x08006a30        0x0 c:/users/administrator/.platformio/packages/toolchain-gccarmnoneeabi@1.70201.0/bin/../lib/gcc/arm-none-eabi/7.2.1/thumb/v7e-m/crtbegin.o
                0x08006a30                . = ALIGN (0x4)
                0x08006a30                __fsymtab_start = .
 *(FSymTab)
 FSymTab        0x08006a30       0x60 .pio/build/sen_f407vg/src/Middlewares/Third_Party/RealThread_RTOS_RT-Thread/components/finsh/cmd.o
                0x08006a30                __fsym_hello
                0x08006a38                __fsym_version
                0x08006a40                __fsym___cmd_version
                0x08006a48                __fsym_list_thread
                0x08006a50                __fsym___cmd_list_thread
                0x08006a58                __fsym_list_sem
                0x08006a60                __fsym___cmd_list_sem
                0x08006a68                __fsym_list_msgqueue
                0x08006a70                __fsym___cmd_list_msgqueue
                0x08006a78                __fsym_list_timer
                0x08006a80                __fsym___cmd_list_timer
                0x08006a88                __fsym_list
 FSymTab        0x08006a90       0x18 .pio/build/sen_f407vg/src/Middlewares/Third_Party/RealThread_RTOS_RT-Thread/components/finsh/msh.o
                0x08006a90                __fsym___cmd_help
                0x08006a98                __fsym___cmd_ps
                0x08006aa0                __fsym___cmd_free
 FSymTab        0x08006aa8        0x8 .pio/build/sen_f407vg/src/Middlewares/Third_Party/RealThread_RTOS_RT-Thread/src/mem.o
                0x08006aa8                __fsym_list_mem
                0x08006ab0                __fsymtab_end = .
                0x08006ab0                . = ALIGN (0x4)
                0x08006ab0                __vsymtab_start = .
 *(VSymTab)
                0x08006ab0                __vsymtab_end = .
                0x08006ab0                . = ALIGN (0x4)
                0x08006ab0                __rt_init_start = .
 *(SORT_BY_NAME(.rti_fn*))
 .rti_fn.0      0x08006ab0        0x4 .pio/build/sen_f407vg/src/Middlewares/Third_Party/RealThread_RTOS_RT-Thread/src/components.o
                0x08006ab0                __rt_init_rti_start
 .rti_fn.0.end  0x08006ab4        0x4 .pio/build/sen_f407vg/src/Middlewares/Third_Party/RealThread_RTOS_RT-Thread/src/components.o
                0x08006ab4                __rt_init_rti_board_start
 .rti_fn.1.end  0x08006ab8        0x4 .pio/build/sen_f407vg/src/Middlewares/Third_Party/RealThread_RTOS_RT-Thread/src/components.o
                0x08006ab8                __rt_init_rti_board_end
 .rti_fn.6      0x08006abc        0x4 .pio/build/sen_f407vg/src/Middlewares/Third_Party/RealThread_RTOS_RT-Thread/components/finsh/shell.o
                0x08006abc                __rt_init_finsh_system_init
 .rti_fn.6.end  0x08006ac0        0x4 .pio/build/sen_f407vg/src/Middlewares/Third_Party/RealThread_RTOS_RT-Thread/src/components.o
                0x08006ac0                __rt_init_rti_end
                0x08006ac4                __rt_init_end = .
 *(.init)
 .init          0x08006ac4        0x4 c:/users/administrator/.platformio/packages/toolchain-gccarmnoneeabi@1.70201.0/bin/../lib/gcc/arm-none-eabi/7.2.1/thumb/v7e-m/crti.o
                0x08006ac4                _init
 .init          0x08006ac8        0x8 c:/users/administrator/.platformio/packages/toolchain-gccarmnoneeabi@1.70201.0/bin/../lib/gcc/arm-none-eabi/7.2.1/thumb/v7e-m/crtn.o
 *(.fini)
 .fini          0x08006ad0        0x4 c:/users/administrator/.platformio/packages/toolchain-gccarmnoneeabi@1.70201.0/bin/../lib/gcc/arm-none-eabi/7.2.1/thumb/v7e-m/crti.o
                0x08006ad0                _fini
 .fini          0x08006ad4        0x8 c:/users/administrator/.platformio/packages/toolchain-gccarmnoneeabi@1.70201.0/bin/../lib/gcc/arm-none-eabi/7.2.1/thumb/v7e-m/crtn.o
                0x08006adc                . = ALIGN (0x4)
                0x08006adc                _etext = .

.vfp11_veneer   0x08006adc        0x0
 .vfp11_veneer  0x08006adc        0x0 linker stubs

.v4_bx          0x08006adc        0x0
 .v4_bx         0x08006adc        0x0 linker stubs

.iplt           0x08006adc        0x0
 .iplt          0x08006adc        0x0 c:/users/administrator/.platformio/packages/toolchain-gccarmnoneeabi@1.70201.0/bin/../lib/gcc/arm-none-eabi/7.2.1/thumb/v7e-m/crtbegin.o

.rodata         0x08006adc      0xa44
                0x08006adc                . = ALIGN (0x4)
 *(.rodata)
 .rodata        0x08006adc       0x66 .pio/build/sen_f407vg/src/Core/Src/main.o
 *fill*         0x08006b42        0x2 
 .rodata        0x08006b44        0xf .pio/build/sen_f407vg/src/Middlewares/Third_Party/RealThread_RTOS_RT-Thread/bsp/board.o
 *fill*         0x08006b53        0x1 
 .rodata        0x08006b54      0x2a4 .pio/build/sen_f407vg/src/Middlewares/Third_Party/RealThread_RTOS_RT-Thread/components/finsh/cmd.o
 .rodata        0x08006df8       0x68 .pio/build/sen_f407vg/src/Middlewares/Third_Party/RealThread_RTOS_RT-Thread/components/finsh/msh.o
 .rodata        0x08006e60       0x5d .pio/build/sen_f407vg/src/Middlewares/Third_Party/RealThread_RTOS_RT-Thread/components/finsh/shell.o
 *fill*         0x08006ebd        0x3 
 .rodata        0x08006ec0      0x2c9 .pio/build/sen_f407vg/src/Middlewares/Third_Party/RealThread_RTOS_RT-Thread/libcpu/arm/cortex-m4/cpuport.o
 *fill*         0x08007189        0x3 
 .rodata        0x0800718c        0x5 .pio/build/sen_f407vg/src/Middlewares/Third_Party/RealThread_RTOS_RT-Thread/src/components.o
 *fill*         0x08007191        0x3 
 .rodata        0x08007194        0x6 .pio/build/sen_f407vg/src/Middlewares/Third_Party/RealThread_RTOS_RT-Thread/src/idle.o
 *fill*         0x0800719a        0x2 
 .rodata        0x0800719c       0x8f .pio/build/sen_f407vg/src/Middlewares/Third_Party/RealThread_RTOS_RT-Thread/src/kservice.o
 *fill*         0x0800722b        0x1 
 .rodata        0x0800722c       0xd6 .pio/build/sen_f407vg/src/Middlewares/Third_Party/RealThread_RTOS_RT-Thread/src/mem.o
 *(.rodata*)
 *fill*         0x08007302        0x2 
 .rodata.AHBPrescTable
                0x08007304       0x10 .pio/build/sen_f407vg/src/Core/Src/system_stm32f4xx.o
                0x08007304                AHBPrescTable
 .rodata.APBPrescTable
                0x08007314        0x8 .pio/build/sen_f407vg/src/Core/Src/system_stm32f4xx.o
                0x08007314                APBPrescTable
 .rodata.__fsym_hello_name
                0x0800731c        0x6 .pio/build/sen_f407vg/src/Middlewares/Third_Party/RealThread_RTOS_RT-Thread/components/finsh/cmd.o
                0x0800731c                __fsym_hello_name
 *fill*         0x08007322        0x2 
 .rodata.__fsym_version_name
                0x08007324        0x8 .pio/build/sen_f407vg/src/Middlewares/Third_Party/RealThread_RTOS_RT-Thread/components/finsh/cmd.o
                0x08007324                __fsym_version_name
 .rodata.__fsym___cmd_version_name
                0x0800732c        0xe .pio/build/sen_f407vg/src/Middlewares/Third_Party/RealThread_RTOS_RT-Thread/components/finsh/cmd.o
                0x0800732c                __fsym___cmd_version_name
 *fill*         0x0800733a        0x2 
 .rodata.__fsym_list_thread_name
                0x0800733c        0xc .pio/build/sen_f407vg/src/Middlewares/Third_Party/RealThread_RTOS_RT-Thread/components/finsh/cmd.o
                0x0800733c                __fsym_list_thread_name
 .rodata.__fsym___cmd_list_thread_name
                0x08007348       0x12 .pio/build/sen_f407vg/src/Middlewares/Third_Party/RealThread_RTOS_RT-Thread/components/finsh/cmd.o
                0x08007348                __fsym___cmd_list_thread_name
 *fill*         0x0800735a        0x2 
 .rodata.__fsym_list_sem_name
                0x0800735c        0x9 .pio/build/sen_f407vg/src/Middlewares/Third_Party/RealThread_RTOS_RT-Thread/components/finsh/cmd.o
                0x0800735c                __fsym_list_sem_name
 *fill*         0x08007365        0x3 
 .rodata.__fsym___cmd_list_sem_name
                0x08007368        0xf .pio/build/sen_f407vg/src/Middlewares/Third_Party/RealThread_RTOS_RT-Thread/components/finsh/cmd.o
                0x08007368                __fsym___cmd_list_sem_name
 *fill*         0x08007377        0x1 
 .rodata.__fsym_list_msgqueue_name
                0x08007378        0xe .pio/build/sen_f407vg/src/Middlewares/Third_Party/RealThread_RTOS_RT-Thread/components/finsh/cmd.o
                0x08007378                __fsym_list_msgqueue_name
 *fill*         0x08007386        0x2 
 .rodata.__fsym___cmd_list_msgqueue_name
                0x08007388       0x14 .pio/build/sen_f407vg/src/Middlewares/Third_Party/RealThread_RTOS_RT-Thread/components/finsh/cmd.o
                0x08007388                __fsym___cmd_list_msgqueue_name
 .rodata.__fsym_list_timer_name
                0x0800739c        0xb .pio/build/sen_f407vg/src/Middlewares/Third_Party/RealThread_RTOS_RT-Thread/components/finsh/cmd.o
                0x0800739c                __fsym_list_timer_name
 *fill*         0x080073a7        0x1 
 .rodata.__fsym___cmd_list_timer_name
                0x080073a8       0x11 .pio/build/sen_f407vg/src/Middlewares/Third_Party/RealThread_RTOS_RT-Thread/components/finsh/cmd.o
                0x080073a8                __fsym___cmd_list_timer_name
 *fill*         0x080073b9        0x3 
 .rodata.__fsym_list_name
                0x080073bc        0x5 .pio/build/sen_f407vg/src/Middlewares/Third_Party/RealThread_RTOS_RT-Thread/components/finsh/cmd.o
                0x080073bc                __fsym_list_name
 *fill*         0x080073c1        0x3 
 .rodata.__fsym___cmd_help_name
                0x080073c4        0xb .pio/build/sen_f407vg/src/Middlewares/Third_Party/RealThread_RTOS_RT-Thread/components/finsh/msh.o
                0x080073c4                __fsym___cmd_help_name
 *fill*         0x080073cf        0x1 
 .rodata.__fsym___cmd_ps_name
                0x080073d0        0x9 .pio/build/sen_f407vg/src/Middlewares/Third_Party/RealThread_RTOS_RT-Thread/components/finsh/msh.o
                0x080073d0                __fsym___cmd_ps_name
 *fill*         0x080073d9        0x3 
 .rodata.__fsym___cmd_free_name
                0x080073dc        0xb .pio/build/sen_f407vg/src/Middlewares/Third_Party/RealThread_RTOS_RT-Thread/components/finsh/msh.o
                0x080073dc                __fsym___cmd_free_name
 *fill*         0x080073e7        0x1 
 .rodata.__lowest_bit_bitmap
                0x080073e8      0x100 .pio/build/sen_f407vg/src/Middlewares/Third_Party/RealThread_RTOS_RT-Thread/src/kservice.o
                0x080073e8                __lowest_bit_bitmap
 .rodata.large_digits.4824
                0x080074e8       0x11 .pio/build/sen_f407vg/src/Middlewares/Third_Party/RealThread_RTOS_RT-Thread/src/kservice.o
 *fill*         0x080074f9        0x3 
 .rodata.small_digits.4823
                0x080074fc       0x11 .pio/build/sen_f407vg/src/Middlewares/Third_Party/RealThread_RTOS_RT-Thread/src/kservice.o
 *fill*         0x0800750d        0x3 
 .rodata.__fsym_list_mem_name
                0x08007510        0x9 .pio/build/sen_f407vg/src/Middlewares/Third_Party/RealThread_RTOS_RT-Thread/src/mem.o
                0x08007510                __fsym_list_mem_name
 *fill*         0x08007519        0x3 
 .rodata._global_impure_ptr
                0x0800751c        0x4 c:/users/administrator/.platformio/packages/toolchain-gccarmnoneeabi@1.70201.0/bin/../lib/gcc/arm-none-eabi/7.2.1/../../../../arm-none-eabi/lib/thumb/v7e-m\libc.a(lib_a-impure.o)
                0x0800751c                _global_impure_ptr
                0x08007520                . = ALIGN (0x4)

.ARM.extab
 *(.ARM.extab* .gnu.linkonce.armextab.*)

.ARM            0x08007520        0x8
                0x08007520                __exidx_start = .
 *(.ARM.exidx*)
 .ARM.exidx     0x08007520        0x8 c:/users/administrator/.platformio/packages/toolchain-gccarmnoneeabi@1.70201.0/bin/../lib/gcc/arm-none-eabi/7.2.1/thumb/v7e-m\libgcc.a(_udivmoddi4.o)
                0x08007528                __exidx_end = .

.rel.dyn        0x08007528        0x0
 .rel.iplt      0x08007528        0x0 c:/users/administrator/.platformio/packages/toolchain-gccarmnoneeabi@1.70201.0/bin/../lib/gcc/arm-none-eabi/7.2.1/thumb/v7e-m/crtbegin.o

.preinit_array  0x08007528        0x0
                0x08007528                PROVIDE (__preinit_array_start, .)
 *(.preinit_array*)
                0x08007528                PROVIDE (__preinit_array_end, .)

.init_array     0x08007528        0x8
                0x08007528                PROVIDE (__init_array_start, .)
 *(SORT_BY_NAME(.init_array.*))
 .init_array.00000
                0x08007528        0x4 c:/users/administrator/.platformio/packages/toolchain-gccarmnoneeabi@1.70201.0/bin/../lib/gcc/arm-none-eabi/7.2.1/../../../../arm-none-eabi/lib/thumb/v7e-m\libc.a(lib_a-__call_atexit.o)
 *(.init_array*)
 .init_array    0x0800752c        0x4 c:/users/administrator/.platformio/packages/toolchain-gccarmnoneeabi@1.70201.0/bin/../lib/gcc/arm-none-eabi/7.2.1/thumb/v7e-m/crtbegin.o
                0x08007530                PROVIDE (__init_array_end, .)

.fini_array     0x08007530        0x4
                0x08007530                PROVIDE (__fini_array_start, .)
 *(SORT_BY_NAME(.fini_array.*))
 *(.fini_array*)
 .fini_array    0x08007530        0x4 c:/users/administrator/.platformio/packages/toolchain-gccarmnoneeabi@1.70201.0/bin/../lib/gcc/arm-none-eabi/7.2.1/thumb/v7e-m/crtbegin.o
                0x08007534                PROVIDE (__fini_array_end, .)
                0x08007534                _sidata = LOADADDR (.data)

.data           0x20000000      0x47c load address 0x08007534
                0x20000000                . = ALIGN (0x4)
                0x20000000                _sdata = .
 *(.data)
 *(.data*)
 .data.SystemCoreClock
                0x20000000        0x4 .pio/build/sen_f407vg/src/Core/Src/system_stm32f4xx.o
                0x20000000                SystemCoreClock
 .data.uwTickPrio
                0x20000004        0x4 .pio/build/sen_f407vg/src/Drivers/STM32F4xx_HAL_Driver/Src/stm32f4xx_hal.o
                0x20000004                uwTickPrio
 .data.uwTickFreq
                0x20000008        0x1 .pio/build/sen_f407vg/src/Drivers/STM32F4xx_HAL_Driver/Src/stm32f4xx_hal.o
                0x20000008                uwTickFreq
 *fill*         0x20000009        0x3 
 .data.rt_object_container
                0x2000000c       0x40 .pio/build/sen_f407vg/src/Middlewares/Third_Party/RealThread_RTOS_RT-Thread/src/object.o
 *fill*         0x2000004c        0x4 
 .data.impure_data
                0x20000050      0x428 c:/users/administrator/.platformio/packages/toolchain-gccarmnoneeabi@1.70201.0/bin/../lib/gcc/arm-none-eabi/7.2.1/../../../../arm-none-eabi/lib/thumb/v7e-m\libc.a(lib_a-impure.o)
 .data.__atexit_recursive_mutex
                0x20000478        0x4 c:/users/administrator/.platformio/packages/toolchain-gccarmnoneeabi@1.70201.0/bin/../lib/gcc/arm-none-eabi/7.2.1/../../../../arm-none-eabi/lib/thumb/v7e-m\libc.a(lib_a-__call_atexit.o)
                0x20000478                __atexit_recursive_mutex
                0x2000047c                . = ALIGN (0x4)
                0x2000047c                _edata = .
                0x080079b0                _siccmram = LOADADDR (.ccmram)

.igot.plt       0x2000047c        0x0 load address 0x080079b0
 .igot.plt      0x2000047c        0x0 c:/users/administrator/.platformio/packages/toolchain-gccarmnoneeabi@1.70201.0/bin/../lib/gcc/arm-none-eabi/7.2.1/thumb/v7e-m/crtbegin.o

.ccmram         0x10000000        0x0 load address 0x080079b0
                0x10000000                . = ALIGN (0x4)
                0x10000000                _sccmram = .
 *(.ccmram)
 *(.ccmram*)
                0x10000000                . = ALIGN (0x4)
                0x10000000                _eccmram = .
                0x10000000                . = ALIGN (0x4)

.bss            0x2000047c     0x15c0
                0x2000047c                _sbss = .
                0x2000047c                __bss_start__ = _sbss
 *(.bss)
 .bss           0x2000047c       0x1c c:/users/administrator/.platformio/packages/toolchain-gccarmnoneeabi@1.70201.0/bin/../lib/gcc/arm-none-eabi/7.2.1/thumb/v7e-m/crtbegin.o
 *(.bss*)
 .bss.rt_heap   0x20000498     0x1000 .pio/build/sen_f407vg/src/Middlewares/Third_Party/RealThread_RTOS_RT-Thread/bsp/board.o
 .bss.consoleInputBuffer
                0x20001498      0x100 .pio/build/sen_f407vg/src/Middlewares/Third_Party/RealThread_RTOS_RT-Thread/bsp/board.o
 .bss._syscall_table_begin
                0x20001598        0x4 .pio/build/sen_f407vg/src/Middlewares/Third_Party/RealThread_RTOS_RT-Thread/components/finsh/shell.o
                0x20001598                _syscall_table_begin
 .bss._syscall_table_end
                0x2000159c        0x4 .pio/build/sen_f407vg/src/Middlewares/Third_Party/RealThread_RTOS_RT-Thread/components/finsh/shell.o
                0x2000159c                _syscall_table_end
 .bss._sysvar_table_begin
                0x200015a0        0x4 .pio/build/sen_f407vg/src/Middlewares/Third_Party/RealThread_RTOS_RT-Thread/components/finsh/shell.o
                0x200015a0                _sysvar_table_begin
 .bss._sysvar_table_end
                0x200015a4        0x4 .pio/build/sen_f407vg/src/Middlewares/Third_Party/RealThread_RTOS_RT-Thread/components/finsh/shell.o
                0x200015a4                _sysvar_table_end
 .bss.finsh_prompt_custom
                0x200015a8        0x4 .pio/build/sen_f407vg/src/Middlewares/Third_Party/RealThread_RTOS_RT-Thread/components/finsh/shell.o
 .bss.finsh_prompt.6572
                0x200015ac       0x81 .pio/build/sen_f407vg/src/Middlewares/Third_Party/RealThread_RTOS_RT-Thread/components/finsh/shell.o
 *fill*         0x2000162d        0x3 
 .bss.rt_exception_hook
                0x20001630        0x4 .pio/build/sen_f407vg/src/Middlewares/Third_Party/RealThread_RTOS_RT-Thread/libcpu/arm/cortex-m4/cpuport.o
 .bss.rt_tick   0x20001634        0x4 .pio/build/sen_f407vg/src/Middlewares/Third_Party/RealThread_RTOS_RT-Thread/src/clock.o
 .bss.idle      0x20001638       0x78 .pio/build/sen_f407vg/src/Middlewares/Third_Party/RealThread_RTOS_RT-Thread/src/idle.o
 .bss.rt_thread_stack
                0x200016b0      0x100 .pio/build/sen_f407vg/src/Middlewares/Third_Party/RealThread_RTOS_RT-Thread/src/idle.o
 .bss.rt_log_buf.4925
                0x200017b0       0x80 .pio/build/sen_f407vg/src/Middlewares/Third_Party/RealThread_RTOS_RT-Thread/src/kservice.o
 .bss.heap_ptr  0x20001830        0x4 .pio/build/sen_f407vg/src/Middlewares/Third_Party/RealThread_RTOS_RT-Thread/src/mem.o
 .bss.heap_end  0x20001834        0x4 .pio/build/sen_f407vg/src/Middlewares/Third_Party/RealThread_RTOS_RT-Thread/src/mem.o
 .bss.lfree     0x20001838        0x4 .pio/build/sen_f407vg/src/Middlewares/Third_Party/RealThread_RTOS_RT-Thread/src/mem.o
 .bss.heap_sem  0x2000183c       0x20 .pio/build/sen_f407vg/src/Middlewares/Third_Party/RealThread_RTOS_RT-Thread/src/mem.o
 .bss.mem_size_aligned
                0x2000185c        0x4 .pio/build/sen_f407vg/src/Middlewares/Third_Party/RealThread_RTOS_RT-Thread/src/mem.o
 .bss.used_mem  0x20001860        0x4 .pio/build/sen_f407vg/src/Middlewares/Third_Party/RealThread_RTOS_RT-Thread/src/mem.o
 .bss.max_mem   0x20001864        0x4 .pio/build/sen_f407vg/src/Middlewares/Third_Party/RealThread_RTOS_RT-Thread/src/mem.o
 .bss.rt_scheduler_lock_nest
                0x20001868        0x2 .pio/build/sen_f407vg/src/Middlewares/Third_Party/RealThread_RTOS_RT-Thread/src/scheduler.o
 *fill*         0x2000186a        0x2 
 .bss.rt_timer_list
                0x2000186c        0x8 .pio/build/sen_f407vg/src/Middlewares/Third_Party/RealThread_RTOS_RT-Thread/src/timer.o
 .bss.random_nr.4709
                0x20001874        0x4 .pio/build/sen_f407vg/src/Middlewares/Third_Party/RealThread_RTOS_RT-Thread/src/timer.o
 *(COMMON)
 COMMON         0x20001878       0x40 .pio/build/sen_f407vg/src/Core/Src/usart.o
                0x20001878                huart1
 COMMON         0x200018b8        0x4 .pio/build/sen_f407vg/src/Drivers/STM32F4xx_HAL_Driver/Src/stm32f4xx_hal.o
                0x200018b8                uwTick
 COMMON         0x200018bc       0x34 .pio/build/sen_f407vg/src/Middlewares/Third_Party/RealThread_RTOS_RT-Thread/bsp/board.o
                0x200018bc                consoleInputMQ
 COMMON         0x200018f0        0x4 .pio/build/sen_f407vg/src/Middlewares/Third_Party/RealThread_RTOS_RT-Thread/components/finsh/shell.o
                0x200018f0                shell
 COMMON         0x200018f4        0xc .pio/build/sen_f407vg/src/Middlewares/Third_Party/RealThread_RTOS_RT-Thread/libcpu/arm/cortex-m4/cpuport.o
                0x200018f4                rt_interrupt_to_thread
                0x200018f8                rt_interrupt_from_thread
                0x200018fc                rt_thread_switch_interrupt_flag
 COMMON         0x20001900        0x1 .pio/build/sen_f407vg/src/Middlewares/Third_Party/RealThread_RTOS_RT-Thread/src/irq.o
                0x20001900                rt_interrupt_nest
 *fill*         0x20001901        0x3 
 COMMON         0x20001904      0x114 .pio/build/sen_f407vg/src/Middlewares/Third_Party/RealThread_RTOS_RT-Thread/src/scheduler.o
                0x20001904                rt_thread_priority_table
                0x20001a04                rt_current_priority
                0x20001a08                rt_current_thread
                0x20001a0c                rt_thread_ready_priority_group
                0x20001a10                rt_thread_defunct
 COMMON         0x20001a18       0x21 c:/users/administrator/.platformio/packages/toolchain-gccarmnoneeabi@1.70201.0/bin/../lib/gcc/arm-none-eabi/7.2.1/../../../../arm-none-eabi/lib/thumb/v7e-m\libc.a(lib_a-lock.o)
                0x20001a18                __lock___atexit_recursive_mutex
                0x20001a1c                __lock___arc4random_mutex
                0x20001a20                __lock___env_recursive_mutex
                0x20001a24                __lock___sinit_recursive_mutex
                0x20001a28                __lock___malloc_recursive_mutex
                0x20001a2c                __lock___at_quick_exit_mutex
                0x20001a30                __lock___dd_hash_mutex
                0x20001a34                __lock___tz_mutex
                0x20001a38                __lock___sfp_recursive_mutex
                0x20001a3c                . = ALIGN (0x4)
 *fill*         0x20001a39        0x3 
                0x20001a3c                _ebss = .
                0x20001a3c                __bss_end__ = _ebss

._user_heap_stack
                0x20001a3c      0x604
                0x20001a40                . = ALIGN (0x8)
 *fill*         0x20001a3c        0x4 
                [!provide]                PROVIDE (end, .)
                [!provide]                PROVIDE (_end, .)
                0x20001c40                . = (. + _Min_Heap_Size)
 *fill*         0x20001a40      0x200 
                0x20002040                . = (. + _Min_Stack_Size)
 *fill*         0x20001c40      0x400 
                0x20002040                . = ALIGN (0x8)

/DISCARD/
 libc.a(*)
 libm.a(*)
 libgcc.a(*)

.ARM.attributes
                0x00000000       0x2a
 *(.ARM.attributes)
 .ARM.attributes
                0x00000000       0x1e c:/users/administrator/.platformio/packages/toolchain-gccarmnoneeabi@1.70201.0/bin/../lib/gcc/arm-none-eabi/7.2.1/thumb/v7e-m/crti.o
 .ARM.attributes
                0x0000001e       0x2e c:/users/administrator/.platformio/packages/toolchain-gccarmnoneeabi@1.70201.0/bin/../lib/gcc/arm-none-eabi/7.2.1/thumb/v7e-m/crtbegin.o
 .ARM.attributes
                0x0000004c       0x33 .pio/build/sen_f407vg/src/Core/Src/gpio.o
 .ARM.attributes
                0x0000007f       0x33 .pio/build/sen_f407vg/src/Core/Src/main.o
 .ARM.attributes
                0x000000b2       0x33 .pio/build/sen_f407vg/src/Core/Src/stm32f4xx_hal_msp.o
 .ARM.attributes
                0x000000e5       0x33 .pio/build/sen_f407vg/src/Core/Src/stm32f4xx_it.o
 .ARM.attributes
                0x00000118       0x33 .pio/build/sen_f407vg/src/Core/Src/system_stm32f4xx.o
 .ARM.attributes
                0x0000014b       0x33 .pio/build/sen_f407vg/src/Core/Src/usart.o
 .ARM.attributes
                0x0000017e       0x33 .pio/build/sen_f407vg/src/Drivers/STM32F4xx_HAL_Driver/Src/stm32f4xx_hal.o
 .ARM.attributes
                0x000001b1       0x33 .pio/build/sen_f407vg/src/Drivers/STM32F4xx_HAL_Driver/Src/stm32f4xx_hal_cortex.o
 .ARM.attributes
                0x000001e4       0x33 .pio/build/sen_f407vg/src/Drivers/STM32F4xx_HAL_Driver/Src/stm32f4xx_hal_gpio.o
 .ARM.attributes
                0x00000217       0x33 .pio/build/sen_f407vg/src/Drivers/STM32F4xx_HAL_Driver/Src/stm32f4xx_hal_rcc.o
 .ARM.attributes
                0x0000024a       0x33 .pio/build/sen_f407vg/src/Drivers/STM32F4xx_HAL_Driver/Src/stm32f4xx_hal_uart.o
 .ARM.attributes
                0x0000027d       0x33 .pio/build/sen_f407vg/src/Middlewares/Third_Party/RealThread_RTOS_RT-Thread/bsp/board.o
 .ARM.attributes
                0x000002b0       0x33 .pio/build/sen_f407vg/src/Middlewares/Third_Party/RealThread_RTOS_RT-Thread/components/finsh/cmd.o
 .ARM.attributes
                0x000002e3       0x33 .pio/build/sen_f407vg/src/Middlewares/Third_Party/RealThread_RTOS_RT-Thread/components/finsh/msh.o
 .ARM.attributes
                0x00000316       0x33 .pio/build/sen_f407vg/src/Middlewares/Third_Party/RealThread_RTOS_RT-Thread/components/finsh/shell.o
 .ARM.attributes
                0x00000349       0x21 .pio/build/sen_f407vg/src/Middlewares/Third_Party/RealThread_RTOS_RT-Thread/libcpu/arm/cortex-m4/context_gcc.o
 .ARM.attributes
                0x0000036a       0x33 .pio/build/sen_f407vg/src/Middlewares/Third_Party/RealThread_RTOS_RT-Thread/libcpu/arm/cortex-m4/cpuport.o
 .ARM.attributes
                0x0000039d       0x33 .pio/build/sen_f407vg/src/Middlewares/Third_Party/RealThread_RTOS_RT-Thread/src/clock.o
 .ARM.attributes
                0x000003d0       0x33 .pio/build/sen_f407vg/src/Middlewares/Third_Party/RealThread_RTOS_RT-Thread/src/components.o
 .ARM.attributes
                0x00000403       0x33 .pio/build/sen_f407vg/src/Middlewares/Third_Party/RealThread_RTOS_RT-Thread/src/idle.o
 .ARM.attributes
                0x00000436       0x33 .pio/build/sen_f407vg/src/Middlewares/Third_Party/RealThread_RTOS_RT-Thread/src/ipc.o
 .ARM.attributes
                0x00000469       0x33 .pio/build/sen_f407vg/src/Middlewares/Third_Party/RealThread_RTOS_RT-Thread/src/irq.o
 .ARM.attributes
                0x0000049c       0x33 .pio/build/sen_f407vg/src/Middlewares/Third_Party/RealThread_RTOS_RT-Thread/src/kservice.o
 .ARM.attributes
                0x000004cf       0x33 .pio/build/sen_f407vg/src/Middlewares/Third_Party/RealThread_RTOS_RT-Thread/src/mem.o
 .ARM.attributes
                0x00000502       0x33 .pio/build/sen_f407vg/src/Middlewares/Third_Party/RealThread_RTOS_RT-Thread/src/object.o
 .ARM.attributes
                0x00000535       0x33 .pio/build/sen_f407vg/src/Middlewares/Third_Party/RealThread_RTOS_RT-Thread/src/scheduler.o
 .ARM.attributes
                0x00000568       0x33 .pio/build/sen_f407vg/src/Middlewares/Third_Party/RealThread_RTOS_RT-Thread/src/thread.o
 .ARM.attributes
                0x0000059b       0x33 .pio/build/sen_f407vg/src/Middlewares/Third_Party/RealThread_RTOS_RT-Thread/src/timer.o
 .ARM.attributes
                0x000005ce       0x21 .pio/build/sen_f407vg/src/startup_stm32f407xx.o
 .ARM.attributes
                0x000005ef       0x2e c:/users/administrator/.platformio/packages/toolchain-gccarmnoneeabi@1.70201.0/bin/../lib/gcc/arm-none-eabi/7.2.1/../../../../arm-none-eabi/lib/thumb/v7e-m\libc.a(lib_a-impure.o)
 .ARM.attributes
                0x0000061d       0x2e c:/users/administrator/.platformio/packages/toolchain-gccarmnoneeabi@1.70201.0/bin/../lib/gcc/arm-none-eabi/7.2.1/../../../../arm-none-eabi/lib/thumb/v7e-m\libc.a(lib_a-init.o)
 .ARM.attributes
                0x0000064b       0x1c c:/users/administrator/.platformio/packages/toolchain-gccarmnoneeabi@1.70201.0/bin/../lib/gcc/arm-none-eabi/7.2.1/../../../../arm-none-eabi/lib/thumb/v7e-m\libc.a(lib_a-memcpy.o)
 .ARM.attributes
                0x00000667       0x2e c:/users/administrator/.platformio/packages/toolchain-gccarmnoneeabi@1.70201.0/bin/../lib/gcc/arm-none-eabi/7.2.1/../../../../arm-none-eabi/lib/thumb/v7e-m\libc.a(lib_a-memset.o)
 .ARM.attributes
                0x00000695       0x1c c:/users/administrator/.platformio/packages/toolchain-gccarmnoneeabi@1.70201.0/bin/../lib/gcc/arm-none-eabi/7.2.1/../../../../arm-none-eabi/lib/thumb/v7e-m\libc.a(lib_a-strlen.o)
 .ARM.attributes
                0x000006b1       0x2e c:/users/administrator/.platformio/packages/toolchain-gccarmnoneeabi@1.70201.0/bin/../lib/gcc/arm-none-eabi/7.2.1/../../../../arm-none-eabi/lib/thumb/v7e-m\libc.a(lib_a-strncmp.o)
 .ARM.attributes
                0x000006df       0x2e c:/users/administrator/.platformio/packages/toolchain-gccarmnoneeabi@1.70201.0/bin/../lib/gcc/arm-none-eabi/7.2.1/../../../../arm-none-eabi/lib/thumb/v7e-m\libc.a(lib_a-strncpy.o)
 .ARM.attributes
                0x0000070d       0x2e c:/users/administrator/.platformio/packages/toolchain-gccarmnoneeabi@1.70201.0/bin/../lib/gcc/arm-none-eabi/7.2.1/../../../../arm-none-eabi/lib/thumb/v7e-m\libc.a(lib_a-__call_atexit.o)
 .ARM.attributes
                0x0000073b       0x2e c:/users/administrator/.platformio/packages/toolchain-gccarmnoneeabi@1.70201.0/bin/../lib/gcc/arm-none-eabi/7.2.1/../../../../arm-none-eabi/lib/thumb/v7e-m\libc.a(lib_a-atexit.o)
 .ARM.attributes
                0x00000769       0x2e c:/users/administrator/.platformio/packages/toolchain-gccarmnoneeabi@1.70201.0/bin/../lib/gcc/arm-none-eabi/7.2.1/../../../../arm-none-eabi/lib/thumb/v7e-m\libc.a(lib_a-fini.o)
 .ARM.attributes
                0x00000797       0x2e c:/users/administrator/.platformio/packages/toolchain-gccarmnoneeabi@1.70201.0/bin/../lib/gcc/arm-none-eabi/7.2.1/../../../../arm-none-eabi/lib/thumb/v7e-m\libc.a(lib_a-lock.o)
 .ARM.attributes
                0x000007c5       0x2e c:/users/administrator/.platformio/packages/toolchain-gccarmnoneeabi@1.70201.0/bin/../lib/gcc/arm-none-eabi/7.2.1/../../../../arm-none-eabi/lib/thumb/v7e-m\libc.a(lib_a-__atexit.o)
 .ARM.attributes
                0x000007f3       0x1e c:/users/administrator/.platformio/packages/toolchain-gccarmnoneeabi@1.70201.0/bin/../lib/gcc/arm-none-eabi/7.2.1/thumb/v7e-m\libgcc.a(_aeabi_uldivmod.o)
 .ARM.attributes
                0x00000811       0x2e c:/users/administrator/.platformio/packages/toolchain-gccarmnoneeabi@1.70201.0/bin/../lib/gcc/arm-none-eabi/7.2.1/thumb/v7e-m\libgcc.a(_udivmoddi4.o)
 .ARM.attributes
                0x0000083f       0x1e c:/users/administrator/.platformio/packages/toolchain-gccarmnoneeabi@1.70201.0/bin/../lib/gcc/arm-none-eabi/7.2.1/thumb/v7e-m\libgcc.a(_dvmd_tls.o)
 .ARM.attributes
                0x0000085d       0x1e c:/users/administrator/.platformio/packages/toolchain-gccarmnoneeabi@1.70201.0/bin/../lib/gcc/arm-none-eabi/7.2.1/thumb/v7e-m/crtn.o
OUTPUT(.pio/build/sen_f407vg/firmware.elf elf32-littlearm)

.comment        0x00000000       0x7e
 .comment       0x00000000       0x7e .pio/build/sen_f407vg/src/Core/Src/gpio.o
                                 0x7f (size before relaxing)
 .comment       0x0000007e       0x7f .pio/build/sen_f407vg/src/Core/Src/main.o
 .comment       0x0000007e       0x7f .pio/build/sen_f407vg/src/Core/Src/stm32f4xx_hal_msp.o
 .comment       0x0000007e       0x7f .pio/build/sen_f407vg/src/Core/Src/stm32f4xx_it.o
 .comment       0x0000007e       0x7f .pio/build/sen_f407vg/src/Core/Src/system_stm32f4xx.o
 .comment       0x0000007e       0x7f .pio/build/sen_f407vg/src/Core/Src/usart.o
 .comment       0x0000007e       0x7f .pio/build/sen_f407vg/src/Drivers/STM32F4xx_HAL_Driver/Src/stm32f4xx_hal.o
 .comment       0x0000007e       0x7f .pio/build/sen_f407vg/src/Drivers/STM32F4xx_HAL_Driver/Src/stm32f4xx_hal_cortex.o
 .comment       0x0000007e       0x7f .pio/build/sen_f407vg/src/Drivers/STM32F4xx_HAL_Driver/Src/stm32f4xx_hal_gpio.o
 .comment       0x0000007e       0x7f .pio/build/sen_f407vg/src/Drivers/STM32F4xx_HAL_Driver/Src/stm32f4xx_hal_rcc.o
 .comment       0x0000007e       0x7f .pio/build/sen_f407vg/src/Drivers/STM32F4xx_HAL_Driver/Src/stm32f4xx_hal_uart.o
 .comment       0x0000007e       0x7f .pio/build/sen_f407vg/src/Middlewares/Third_Party/RealThread_RTOS_RT-Thread/bsp/board.o
 .comment       0x0000007e       0x7f .pio/build/sen_f407vg/src/Middlewares/Third_Party/RealThread_RTOS_RT-Thread/components/finsh/cmd.o
 .comment       0x0000007e       0x7f .pio/build/sen_f407vg/src/Middlewares/Third_Party/RealThread_RTOS_RT-Thread/components/finsh/msh.o
 .comment       0x0000007e       0x7f .pio/build/sen_f407vg/src/Middlewares/Third_Party/RealThread_RTOS_RT-Thread/components/finsh/shell.o
 .comment       0x0000007e       0x7f .pio/build/sen_f407vg/src/Middlewares/Third_Party/RealThread_RTOS_RT-Thread/libcpu/arm/cortex-m4/cpuport.o
 .comment       0x0000007e       0x7f .pio/build/sen_f407vg/src/Middlewares/Third_Party/RealThread_RTOS_RT-Thread/src/clock.o
 .comment       0x0000007e       0x7f .pio/build/sen_f407vg/src/Middlewares/Third_Party/RealThread_RTOS_RT-Thread/src/components.o
 .comment       0x0000007e       0x7f .pio/build/sen_f407vg/src/Middlewares/Third_Party/RealThread_RTOS_RT-Thread/src/idle.o
 .comment       0x0000007e       0x7f .pio/build/sen_f407vg/src/Middlewares/Third_Party/RealThread_RTOS_RT-Thread/src/ipc.o
 .comment       0x0000007e       0x7f .pio/build/sen_f407vg/src/Middlewares/Third_Party/RealThread_RTOS_RT-Thread/src/irq.o
 .comment       0x0000007e       0x7f .pio/build/sen_f407vg/src/Middlewares/Third_Party/RealThread_RTOS_RT-Thread/src/kservice.o
 .comment       0x0000007e       0x7f .pio/build/sen_f407vg/src/Middlewares/Third_Party/RealThread_RTOS_RT-Thread/src/mem.o
 .comment       0x0000007e       0x7f .pio/build/sen_f407vg/src/Middlewares/Third_Party/RealThread_RTOS_RT-Thread/src/object.o
 .comment       0x0000007e       0x7f .pio/build/sen_f407vg/src/Middlewares/Third_Party/RealThread_RTOS_RT-Thread/src/scheduler.o
 .comment       0x0000007e       0x7f .pio/build/sen_f407vg/src/Middlewares/Third_Party/RealThread_RTOS_RT-Thread/src/thread.o
 .comment       0x0000007e       0x7f .pio/build/sen_f407vg/src/Middlewares/Third_Party/RealThread_RTOS_RT-Thread/src/timer.o

.debug_frame    0x00000000      0x2d4
 .debug_frame   0x00000000       0x2c c:/users/administrator/.platformio/packages/toolchain-gccarmnoneeabi@1.70201.0/bin/../lib/gcc/arm-none-eabi/7.2.1/../../../../arm-none-eabi/lib/thumb/v7e-m\libc.a(lib_a-init.o)
 .debug_frame   0x0000002c       0x38 c:/users/administrator/.platformio/packages/toolchain-gccarmnoneeabi@1.70201.0/bin/../lib/gcc/arm-none-eabi/7.2.1/../../../../arm-none-eabi/lib/thumb/v7e-m\libc.a(lib_a-memset.o)
 .debug_frame   0x00000064       0x48 c:/users/administrator/.platformio/packages/toolchain-gccarmnoneeabi@1.70201.0/bin/../lib/gcc/arm-none-eabi/7.2.1/../../../../arm-none-eabi/lib/thumb/v7e-m\libc.a(lib_a-strncmp.o)
 .debug_frame   0x000000ac       0x34 c:/users/administrator/.platformio/packages/toolchain-gccarmnoneeabi@1.70201.0/bin/../lib/gcc/arm-none-eabi/7.2.1/../../../../arm-none-eabi/lib/thumb/v7e-m\libc.a(lib_a-strncpy.o)
 .debug_frame   0x000000e0       0x5c c:/users/administrator/.platformio/packages/toolchain-gccarmnoneeabi@1.70201.0/bin/../lib/gcc/arm-none-eabi/7.2.1/../../../../arm-none-eabi/lib/thumb/v7e-m\libc.a(lib_a-__call_atexit.o)
 .debug_frame   0x0000013c       0x20 c:/users/administrator/.platformio/packages/toolchain-gccarmnoneeabi@1.70201.0/bin/../lib/gcc/arm-none-eabi/7.2.1/../../../../arm-none-eabi/lib/thumb/v7e-m\libc.a(lib_a-atexit.o)